Archive member included to satisfy reference by file (symbol)

d:/learningsoftware/stm32cubeide/stm32cubeide/stm32cubeide/plugins/com.st.stm32cube.ide.mcu.externaltools.gnu-tools-for-stm32.7-2018-q2-update.win32_1.4.0.202007081208/tools/bin/../lib/gcc/arm-none-eabi/7.3.1/../../../../arm-none-eabi/lib/thumb/v7-m\libc_nano.a(lib_a-errno.o)
                              Core/Src/retarget.o (__errno)
d:/learningsoftware/stm32cubeide/stm32cubeide/stm32cubeide/plugins/com.st.stm32cube.ide.mcu.externaltools.gnu-tools-for-stm32.7-2018-q2-update.win32_1.4.0.202007081208/tools/bin/../lib/gcc/arm-none-eabi/7.3.1/../../../../arm-none-eabi/lib/thumb/v7-m\libc_nano.a(lib_a-exit.o)
                              d:/learningsoftware/stm32cubeide/stm32cubeide/stm32cubeide/plugins/com.st.stm32cube.ide.mcu.externaltools.gnu-tools-for-stm32.7-2018-q2-update.win32_1.4.0.202007081208/tools/bin/../lib/gcc/arm-none-eabi/7.3.1/../../../../arm-none-eabi/lib/thumb/v7-m/crt0.o (exit)
d:/learningsoftware/stm32cubeide/stm32cubeide/stm32cubeide/plugins/com.st.stm32cube.ide.mcu.externaltools.gnu-tools-for-stm32.7-2018-q2-update.win32_1.4.0.202007081208/tools/bin/../lib/gcc/arm-none-eabi/7.3.1/../../../../arm-none-eabi/lib/thumb/v7-m\libc_nano.a(lib_a-impure.o)
                              d:/learningsoftware/stm32cubeide/stm32cubeide/stm32cubeide/plugins/com.st.stm32cube.ide.mcu.externaltools.gnu-tools-for-stm32.7-2018-q2-update.win32_1.4.0.202007081208/tools/bin/../lib/gcc/arm-none-eabi/7.3.1/../../../../arm-none-eabi/lib/thumb/v7-m\libc_nano.a(lib_a-exit.o) (_global_impure_ptr)
d:/learningsoftware/stm32cubeide/stm32cubeide/stm32cubeide/plugins/com.st.stm32cube.ide.mcu.externaltools.gnu-tools-for-stm32.7-2018-q2-update.win32_1.4.0.202007081208/tools/bin/../lib/gcc/arm-none-eabi/7.3.1/../../../../arm-none-eabi/lib/thumb/v7-m\libc_nano.a(lib_a-init.o)
                              d:/learningsoftware/stm32cubeide/stm32cubeide/stm32cubeide/plugins/com.st.stm32cube.ide.mcu.externaltools.gnu-tools-for-stm32.7-2018-q2-update.win32_1.4.0.202007081208/tools/bin/../lib/gcc/arm-none-eabi/7.3.1/../../../../arm-none-eabi/lib/thumb/v7-m/crt0.o (__libc_init_array)
d:/learningsoftware/stm32cubeide/stm32cubeide/stm32cubeide/plugins/com.st.stm32cube.ide.mcu.externaltools.gnu-tools-for-stm32.7-2018-q2-update.win32_1.4.0.202007081208/tools/bin/../lib/gcc/arm-none-eabi/7.3.1/../../../../arm-none-eabi/lib/thumb/v7-m\libc_nano.a(lib_a-itoa.o)
                              Core/Src/main.o (itoa)
d:/learningsoftware/stm32cubeide/stm32cubeide/stm32cubeide/plugins/com.st.stm32cube.ide.mcu.externaltools.gnu-tools-for-stm32.7-2018-q2-update.win32_1.4.0.202007081208/tools/bin/../lib/gcc/arm-none-eabi/7.3.1/../../../../arm-none-eabi/lib/thumb/v7-m\libc_nano.a(lib_a-memset.o)
                              d:/learningsoftware/stm32cubeide/stm32cubeide/stm32cubeide/plugins/com.st.stm32cube.ide.mcu.externaltools.gnu-tools-for-stm32.7-2018-q2-update.win32_1.4.0.202007081208/tools/bin/../lib/gcc/arm-none-eabi/7.3.1/../../../../arm-none-eabi/lib/thumb/v7-m/crt0.o (memset)
d:/learningsoftware/stm32cubeide/stm32cubeide/stm32cubeide/plugins/com.st.stm32cube.ide.mcu.externaltools.gnu-tools-for-stm32.7-2018-q2-update.win32_1.4.0.202007081208/tools/bin/../lib/gcc/arm-none-eabi/7.3.1/../../../../arm-none-eabi/lib/thumb/v7-m\libc_nano.a(lib_a-printf.o)
                              Core/Src/main.o (printf)
d:/learningsoftware/stm32cubeide/stm32cubeide/stm32cubeide/plugins/com.st.stm32cube.ide.mcu.externaltools.gnu-tools-for-stm32.7-2018-q2-update.win32_1.4.0.202007081208/tools/bin/../lib/gcc/arm-none-eabi/7.3.1/../../../../arm-none-eabi/lib/thumb/v7-m\libc_nano.a(lib_a-rand.o)
                              Core/Src/myMisc.o (rand)
d:/learningsoftware/stm32cubeide/stm32cubeide/stm32cubeide/plugins/com.st.stm32cube.ide.mcu.externaltools.gnu-tools-for-stm32.7-2018-q2-update.win32_1.4.0.202007081208/tools/bin/../lib/gcc/arm-none-eabi/7.3.1/../../../../arm-none-eabi/lib/thumb/v7-m\libc_nano.a(lib_a-setvbuf.o)
                              Core/Src/retarget.o (setvbuf)
d:/learningsoftware/stm32cubeide/stm32cubeide/stm32cubeide/plugins/com.st.stm32cube.ide.mcu.externaltools.gnu-tools-for-stm32.7-2018-q2-update.win32_1.4.0.202007081208/tools/bin/../lib/gcc/arm-none-eabi/7.3.1/../../../../arm-none-eabi/lib/thumb/v7-m\libc_nano.a(lib_a-strlen.o)
                              Core/Src/myDebug.o (strlen)
d:/learningsoftware/stm32cubeide/stm32cubeide/stm32cubeide/plugins/com.st.stm32cube.ide.mcu.externaltools.gnu-tools-for-stm32.7-2018-q2-update.win32_1.4.0.202007081208/tools/bin/../lib/gcc/arm-none-eabi/7.3.1/../../../../arm-none-eabi/lib/thumb/v7-m\libc_nano.a(lib_a-utoa.o)
                              d:/learningsoftware/stm32cubeide/stm32cubeide/stm32cubeide/plugins/com.st.stm32cube.ide.mcu.externaltools.gnu-tools-for-stm32.7-2018-q2-update.win32_1.4.0.202007081208/tools/bin/../lib/gcc/arm-none-eabi/7.3.1/../../../../arm-none-eabi/lib/thumb/v7-m\libc_nano.a(lib_a-itoa.o) (__utoa)
[...]
Memory Configuration

Name             Origin             Length             Attributes
RAM              0x0000000020000000 0x0000000000005000 xrw
FLASH            0x0000000008000000 0x0000000000010000 xr
*default*        0x0000000000000000 0xffffffffffffffff

Linker script and memory map

LOAD d:/learningsoftware/stm32cubeide/stm32cubeide/stm32cubeide/plugins/com.st.stm32cube.ide.mcu.externaltools.gnu-tools-for-stm32.7-2018-q2-update.win32_1.4.0.202007081208/tools/bin/../lib/gcc/arm-none-eabi/7.3.1/thumb/v7-m/crti.o
LOAD d:/learningsoftware/stm32cubeide/stm32cubeide/stm32cubeide/plugins/com.st.stm32cube.ide.mcu.externaltools.gnu-tools-for-stm32.7-2018-q2-update.win32_1.4.0.202007081208/tools/bin/../lib/gcc/arm-none-eabi/7.3.1/thumb/v7-m/crtbegin.o
LOAD d:/learningsoftware/stm32cubeide/stm32cubeide/stm32cubeide/plugins/com.st.stm32cube.ide.mcu.externaltools.gnu-tools-for-stm32.7-2018-q2-update.win32_1.4.0.202007081208/tools/bin/../lib/gcc/arm-none-eabi/7.3.1/../../../../arm-none-eabi/lib/thumb/v7-m/crt0.o
LOAD Core/Src/crc.o
LOAD Core/Src/dma.o
LOAD Core/Src/gpio.o
LOAD Core/Src/iwdg.o
LOAD Core/Src/main.o
LOAD Core/Src/myDebug.o
LOAD Core/Src/myF103.o
LOAD Core/Src/myMisc.o
LOAD Core/Src/retarget.o
LOAD Core/Src/stm32f1xx_hal_msp.o
LOAD Core/Src/stm32f1xx_hal_timebase_tim.o
LOAD Core/Src/stm32f1xx_it.o
LOAD Core/Src/sysmem.o
LOAD Core/Src/system_stm32f1xx.o
LOAD Core/Src/usart.o
LOAD Core/Startup/startup_stm32f103c8tx.o
LOAD Drivers/STM32F1xx_HAL_Driver/Src/stm32f1xx_hal.o
LOAD Drivers/STM32F1xx_HAL_Driver/Src/stm32f1xx_hal_cortex.o
LOAD Drivers/STM32F1xx_HAL_Driver/Src/stm32f1xx_hal_crc.o
LOAD Drivers/STM32F1xx_HAL_Driver/Src/stm32f1xx_hal_dma.o
LOAD Drivers/STM32F1xx_HAL_Driver/Src/stm32f1xx_hal_exti.o
LOAD Drivers/STM32F1xx_HAL_Driver/Src/stm32f1xx_hal_flash.o
LOAD Drivers/STM32F1xx_HAL_Driver/Src/stm32f1xx_hal_flash_ex.o
LOAD Drivers/STM32F1xx_HAL_Driver/Src/stm32f1xx_hal_gpio.o
LOAD Drivers/STM32F1xx_HAL_Driver/Src/stm32f1xx_hal_gpio_ex.o
LOAD Drivers/STM32F1xx_HAL_Driver/Src/stm32f1xx_hal_iwdg.o
LOAD Drivers/STM32F1xx_HAL_Driver/Src/stm32f1xx_hal_pwr.o
LOAD Drivers/STM32F1xx_HAL_Driver/Src/stm32f1xx_hal_rcc.o
LOAD Drivers/STM32F1xx_HAL_Driver/Src/stm32f1xx_hal_rcc_ex.o
LOAD Drivers/STM32F1xx_HAL_Driver/Src/stm32f1xx_hal_tim.o
LOAD Drivers/STM32F1xx_HAL_Driver/Src/stm32f1xx_hal_tim_ex.o
LOAD Drivers/STM32F1xx_HAL_Driver/Src/stm32f1xx_hal_uart.o
START GROUP
LOAD d:/learningsoftware/stm32cubeide/stm32cubeide/stm32cubeide/plugins/com.st.stm32cube.ide.mcu.externaltools.gnu-tools-for-stm32.7-2018-q2-update.win32_1.4.0.202007081208/tools/bin/../lib/gcc/arm-none-eabi/7.3.1/../../../../arm-none-eabi/lib/thumb/v7-m\libc_nano.a
LOAD d:/learningsoftware/stm32cubeide/stm32cubeide/stm32cubeide/plugins/com.st.stm32cube.ide.mcu.externaltools.gnu-tools-for-stm32.7-2018-q2-update.win32_1.4.0.202007081208/tools/bin/../lib/gcc/arm-none-eabi/7.3.1/../../../../arm-none-eabi/lib/thumb/v7-m\libm.a
END GROUP
START GROUP
LOAD d:/learningsoftware/stm32cubeide/stm32cubeide/stm32cubeide/plugins/com.st.stm32cube.ide.mcu.externaltools.gnu-tools-for-stm32.7-2018-q2-update.win32_1.4.0.202007081208/tools/bin/../lib/gcc/arm-none-eabi/7.3.1/thumb/v7-m\libgcc.a
LOAD d:/learningsoftware/stm32cubeide/stm32cubeide/stm32cubeide/plugins/com.st.stm32cube.ide.mcu.externaltools.gnu-tools-for-stm32.7-2018-q2-update.win32_1.4.0.202007081208/tools/bin/../lib/gcc/arm-none-eabi/7.3.1/../../../../arm-none-eabi/lib/thumb/v7-m\libc_nano.a
END GROUP
START GROUP
LOAD d:/learningsoftware/stm32cubeide/stm32cubeide/stm32cubeide/plugins/com.st.stm32cube.ide.mcu.externaltools.gnu-tools-for-stm32.7-2018-q2-update.win32_1.4.0.202007081208/tools/bin/../lib/gcc/arm-none-eabi/7.3.1/thumb/v7-m\libgcc.a
LOAD d:/learningsoftware/stm32cubeide/stm32cubeide/stm32cubeide/plugins/com.st.stm32cube.ide.mcu.externaltools.gnu-tools-for-stm32.7-2018-q2-update.win32_1.4.0.202007081208/tools/bin/../lib/gcc/arm-none-eabi/7.3.1/../../../../arm-none-eabi/lib/thumb/v7-m\libc_nano.a
LOAD d:/learningsoftware/stm32cubeide/stm32cubeide/stm32cubeide/plugins/com.st.stm32cube.ide.mcu.externaltools.gnu-tools-for-stm32.7-2018-q2-update.win32_1.4.0.202007081208/tools/bin/../lib/gcc/arm-none-eabi/7.3.1/../../../../arm-none-eabi/lib/thumb/v7-m\libnosys.a
END GROUP
START GROUP
LOAD d:/learningsoftware/stm32cubeide/stm32cubeide/stm32cubeide/plugins/com.st.stm32cube.ide.mcu.externaltools.gnu-tools-for-stm32.7-2018-q2-update.win32_1.4.0.202007081208/tools/bin/../lib/gcc/arm-none-eabi/7.3.1/thumb/v7-m\libgcc.a
LOAD d:/learningsoftware/stm32cubeide/stm32cubeide/stm32cubeide/plugins/com.st.stm32cube.ide.mcu.externaltools.gnu-tools-for-stm32.7-2018-q2-update.win32_1.4.0.202007081208/tools/bin/../lib/gcc/arm-none-eabi/7.3.1/../../../../arm-none-eabi/lib/thumb/v7-m\libc_nano.a
LOAD d:/learningsoftware/stm32cubeide/stm32cubeide/stm32cubeide/plugins/com.st.stm32cube.ide.mcu.externaltools.gnu-tools-for-stm32.7-2018-q2-update.win32_1.4.0.202007081208/tools/bin/../lib/gcc/arm-none-eabi/7.3.1/../../../../arm-none-eabi/lib/thumb/v7-m\libnosys.a
END GROUP
LOAD d:/learningsoftware/stm32cubeide/stm32cubeide/stm32cubeide/plugins/com.st.stm32cube.ide.mcu.externaltools.gnu-tools-for-stm32.7-2018-q2-update.win32_1.4.0.202007081208/tools/bin/../lib/gcc/arm-none-eabi/7.3.1/thumb/v7-m/crtend.o
LOAD d:/learningsoftware/stm32cubeide/stm32cubeide/stm32cubeide/plugins/com.st.stm32cube.ide.mcu.externaltools.gnu-tools-for-stm32.7-2018-q2-update.win32_1.4.0.202007081208/tools/bin/../lib/gcc/arm-none-eabi/7.3.1/thumb/v7-m/crtn.o
                0x0000000020005000                _estack = (ORIGIN (RAM) + LENGTH (RAM))
                0x0000000000000200                _Min_Heap_Size = 0x200
                0x0000000000000400                _Min_Stack_Size = 0x400

.isr_vector     0x0000000008000000      0x10c
                0x0000000008000000                . = ALIGN (0x4)
 *(.isr_vector)
 .isr_vector    0x0000000008000000      0x10c Core/Startup/startup_stm32f103c8tx.o
                0x0000000008000000                g_pfnVectors
                0x000000000800010c                . = ALIGN (0x4)

.text           0x000000000800010c     0x41e0
                0x000000000800010c                . = ALIGN (0x4)
 *(.text)
 .text          0x000000000800010c       0x40 d:/learningsoftware/stm32cubeide/stm32cubeide/stm32cubeide/plugins/com.st.stm32cube.ide.mcu.externaltools.gnu-tools-for-stm32.7-2018-q2-update.win32_1.4.0.202007081208/tools/bin/../lib/gcc/arm-none-eabi/7.3.1/thumb/v7-m/crtbegin.o
 .text          0x000000000800014c       0x10 d:/learningsoftware/stm32cubeide/stm32cubeide/stm32cubeide/plugins/com.st.stm32cube.ide.mcu.externaltools.gnu-tools-for-stm32.7-2018-q2-update.win32_1.4.0.202007081208/tools/bin/../lib/gcc/arm-none-eabi/7.3.1/../../../../arm-none-eabi/lib/thumb/v7-m\libc_nano.a(lib_a-strlen.o)
                0x000000000800014c                strlen
 .text          0x000000000800015c      0x2a0 d:/learningsoftware/stm32cubeide/stm32cubeide/stm32cubeide/plugins/com.st.stm32cube.ide.mcu.externaltools.gnu-tools-for-stm32.7-2018-q2-update.win32_1.4.0.202007081208/tools/bin/../lib/gcc/arm-none-eabi/7.3.1/thumb/v7-m\libgcc.a(_arm_muldivsf3.o)
                0x000000000800015c                __mulsf3
                0x000000000800015c                __aeabi_fmul
                0x00000000080002c4                __aeabi_fdiv
                0x00000000080002c4                __divsf3
 .text          0x00000000080003fc       0xec d:/learningsoftware/stm32cubeide/stm32cubeide/stm32cubeide/plugins/com.st.stm32cube.ide.mcu.externaltools.gnu-tools-for-stm32.7-2018-q2-update.win32_1.4.0.202007081208/tools/bin/../lib/gcc/arm-none-eabi/7.3.1/thumb/v7-m\libgcc.a(_arm_cmpsf2.o)
                0x00000000080003fc                __gesf2
                0x00000000080003fc                __gtsf2
                0x0000000008000404                __lesf2
                0x0000000008000404                __ltsf2
                0x000000000800040c                __nesf2
                0x000000000800040c                __eqsf2
                0x000000000800040c                __cmpsf2
                0x000000000800046c                __aeabi_cfrcmple
                0x0000000008000474                __aeabi_cfcmpeq
                0x0000000008000474                __aeabi_cfcmple
                0x0000000008000484                __aeabi_fcmpeq
                0x0000000008000498                __aeabi_fcmplt
                0x00000000080004ac                __aeabi_fcmple
                0x00000000080004c0                __aeabi_fcmpge
                0x00000000080004d4                __aeabi_fcmpgt
 .text          0x00000000080004e8       0x4c d:/learningsoftware/stm32cubeide/stm32cubeide/stm32cubeide/plugins/com.st.stm32cube.ide.mcu.externaltools.gnu-tools-for-stm32.7-2018-q2-update.win32_1.4.0.202007081208/tools/bin/../lib/gcc/arm-none-eabi/7.3.1/thumb/v7-m\libgcc.a(_arm_fixsfsi.o)
                0x00000000080004e8                __aeabi_f2iz
                0x00000000080004e8                __fixsfsi
 *(.text*)
 .text.MX_CRC_Init
                0x0000000008000534       0x28 Core/Src/crc.o
                0x0000000008000534                MX_CRC_Init
 .text.HAL_CRC_MspInit
                0x000000000800055c       0x3c Core/Src/crc.o
                0x000000000800055c                HAL_CRC_MspInit
 .text.MX_DMA_Init
                0x0000000008000598       0x4c Core/Src/dma.o
                0x0000000008000598                MX_DMA_Init
 .text.MX_GPIO_Init
                0x00000000080005e4       0xc8 Core/Src/gpio.o
                0x00000000080005e4                MX_GPIO_Init
 .text.__NVIC_SystemReset
                0x00000000080006ac       0x28 Core/Src/main.o
 .text.main     0x00000000080006d4      0x1a4 Core/Src/main.o
                0x00000000080006d4                main
 .text.SystemClock_Config
                0x0000000008000878       0x8e Core/Src/main.o
                0x0000000008000878                SystemClock_Config
 .text.HAL_GPIO_EXTI_Callback
                0x0000000008000906       0x1c Core/Src/main.o
                0x0000000008000906                HAL_GPIO_EXTI_Callback
 *fill*         0x0000000008000922        0x2 
 .text.HAL_TIM_PeriodElapsedCallback
                0x0000000008000924       0x24 Core/Src/main.o
                0x0000000008000924                HAL_TIM_PeriodElapsedCallback
 .text.Error_Handler
                0x0000000008000948       0x54 Core/Src/main.o
                0x0000000008000948                Error_Handler
 .text.vUARTSend
                0x000000000800099c       0x30 Core/Src/myDebug.o
                0x000000000800099c                vUARTSend
 .text.resetCauseGet
                0x00000000080009cc       0x8c Core/Src/myDebug.o
                0x00000000080009cc                resetCauseGet
 .text.resetCauseGetName
                0x0000000008000a58       0x9c Core/Src/myDebug.o
                0x0000000008000a58                resetCauseGetName
 .text.vIWDG_Init
                0x0000000008000af4       0xcc Core/Src/myDebug.o
                0x0000000008000af4                vIWDG_Init
 .text.RetargetInit
                0x0000000008000bc0       0x30 Core/Src/retarget.o
                0x0000000008000bc0                RetargetInit
 .text._isatty  0x0000000008000bf0       0x2c Core/Src/retarget.o
                0x0000000008000bf0                _isatty
 .text._write   0x0000000008000c1c       0x58 Core/Src/retarget.o
                0x0000000008000c1c                _write
 .text._close   0x0000000008000c74       0x2e Core/Src/retarget.o
                0x0000000008000c74                _close
 .text._lseek   0x0000000008000ca2       0x22 Core/Src/retarget.o
                0x0000000008000ca2                _lseek
 .text._read    0x0000000008000cc4       0x50 Core/Src/retarget.o
                0x0000000008000cc4                _read
 .text._fstat   0x0000000008000d14       0x36 Core/Src/retarget.o
                0x0000000008000d14                _fstat
 *fill*         0x0000000008000d4a        0x2 
 .text.HAL_MspInit
                0x0000000008000d4c       0x74 Core/Src/stm32f1xx_hal_msp.o
                0x0000000008000d4c                HAL_MspInit
 .text.HAL_InitTick
                0x0000000008000dc0       0xb0 Core/Src/stm32f1xx_hal_timebase_tim.o
                0x0000000008000dc0                HAL_InitTick
 .text.NMI_Handler
                0x0000000008000e70        0xc Core/Src/stm32f1xx_it.o
                0x0000000008000e70                NMI_Handler
 .text.HardFault_Handler
                0x0000000008000e7c        0x6 Core/Src/stm32f1xx_it.o
                0x0000000008000e7c                HardFault_Handler
 .text.MemManage_Handler
                0x0000000008000e82        0x6 Core/Src/stm32f1xx_it.o
                0x0000000008000e82                MemManage_Handler
 .text.BusFault_Handler
                0x0000000008000e88        0x6 Core/Src/stm32f1xx_it.o
                0x0000000008000e88                BusFault_Handler
 .text.UsageFault_Handler
                0x0000000008000e8e        0x6 Core/Src/stm32f1xx_it.o
                0x0000000008000e8e                UsageFault_Handler
 .text.SVC_Handler
                0x0000000008000e94        0xc Core/Src/stm32f1xx_it.o
                0x0000000008000e94                SVC_Handler
 .text.DebugMon_Handler
                0x0000000008000ea0        0xc Core/Src/stm32f1xx_it.o
                0x0000000008000ea0                DebugMon_Handler
 .text.PendSV_Handler
                0x0000000008000eac        0xc Core/Src/stm32f1xx_it.o
                0x0000000008000eac                PendSV_Handler
 .text.SysTick_Handler
                0x0000000008000eb8        0xc Core/Src/stm32f1xx_it.o
                0x0000000008000eb8                SysTick_Handler
 .text.RCC_IRQHandler
                0x0000000008000ec4        0xc Core/Src/stm32f1xx_it.o
                0x0000000008000ec4                RCC_IRQHandler
 .text.DMA1_Channel6_IRQHandler
                0x0000000008000ed0       0x14 Core/Src/stm32f1xx_it.o
                0x0000000008000ed0                DMA1_Channel6_IRQHandler
 .text.DMA1_Channel7_IRQHandler
                0x0000000008000ee4       0x14 Core/Src/stm32f1xx_it.o
                0x0000000008000ee4                DMA1_Channel7_IRQHandler
 .text.EXTI9_5_IRQHandler
                0x0000000008000ef8       0x1c Core/Src/stm32f1xx_it.o
                0x0000000008000ef8                EXTI9_5_IRQHandler
 .text.TIM4_IRQHandler
                0x0000000008000f14       0x14 Core/Src/stm32f1xx_it.o
                0x0000000008000f14                TIM4_IRQHandler
 .text.USART2_IRQHandler
                0x0000000008000f28       0x14 Core/Src/stm32f1xx_it.o
                0x0000000008000f28                USART2_IRQHandler
 .text._sbrk    0x0000000008000f3c       0x6c Core/Src/sysmem.o
                0x0000000008000f3c                _sbrk
 .text.SystemInit
                0x0000000008000fa8       0x68 Core/Src/system_stm32f1xx.o
                0x0000000008000fa8                SystemInit
 .text.MX_USART2_UART_Init
                0x0000000008001010       0x54 Core/Src/usart.o
                0x0000000008001010                MX_USART2_UART_Init
 .text.HAL_UART_MspInit
                0x0000000008001064      0x154 Core/Src/usart.o
                0x0000000008001064                HAL_UART_MspInit
 .text.Reset_Handler
                0x00000000080011b8       0x48 Core/Startup/startup_stm32f103c8tx.o
                0x00000000080011b8                Reset_Handler
 .text.Default_Handler
                0x0000000008001200        0x2 Core/Startup/startup_stm32f103c8tx.o
                0x0000000008001200                RTC_Alarm_IRQHandler
                0x0000000008001200                EXTI2_IRQHandler
                0x0000000008001200                TIM1_CC_IRQHandler
                0x0000000008001200                PVD_IRQHandler
                0x0000000008001200                EXTI3_IRQHandler
                0x0000000008001200                EXTI0_IRQHandler
                0x0000000008001200                I2C2_EV_IRQHandler
                0x0000000008001200                ADC1_2_IRQHandler
                0x0000000008001200                SPI1_IRQHandler
                0x0000000008001200                TAMPER_IRQHandler
                0x0000000008001200                DMA1_Channel4_IRQHandler
                0x0000000008001200                USART3_IRQHandler
                0x0000000008001200                RTC_IRQHandler
                0x0000000008001200                CAN1_RX1_IRQHandler
                0x0000000008001200                I2C1_EV_IRQHandler
                0x0000000008001200                TIM3_IRQHandler
                0x0000000008001200                TIM1_TRG_COM_IRQHandler
                0x0000000008001200                DMA1_Channel1_IRQHandler
                0x0000000008001200                Default_Handler
                0x0000000008001200                EXTI15_10_IRQHandler
                0x0000000008001200                SPI2_IRQHandler
                0x0000000008001200                DMA1_Channel5_IRQHandler
                0x0000000008001200                EXTI4_IRQHandler
                0x0000000008001200                USB_LP_CAN1_RX0_IRQHandler
                0x0000000008001200                USB_HP_CAN1_TX_IRQHandler
                0x0000000008001200                DMA1_Channel3_IRQHandler
                0x0000000008001200                TIM1_UP_IRQHandler
                0x0000000008001200                WWDG_IRQHandler
                0x0000000008001200                TIM2_IRQHandler
                0x0000000008001200                TIM1_BRK_IRQHandler
                0x0000000008001200                EXTI1_IRQHandler
                0x0000000008001200                I2C2_ER_IRQHandler
                0x0000000008001200                DMA1_Channel2_IRQHandler
                0x0000000008001200                CAN1_SCE_IRQHandler
                0x0000000008001200                FLASH_IRQHandler
                0x0000000008001200                USART1_IRQHandler
                0x0000000008001200                I2C1_ER_IRQHandler
                0x0000000008001200                USBWakeUp_IRQHandler
 *fill*         0x0000000008001202        0x2 
 .text.HAL_Init
                0x0000000008001204       0x2c Drivers/STM32F1xx_HAL_Driver/Src/stm32f1xx_hal.o
                0x0000000008001204                HAL_Init
 .text.HAL_IncTick
                0x0000000008001230       0x24 Drivers/STM32F1xx_HAL_Driver/Src/stm32f1xx_hal.o
                0x0000000008001230                HAL_IncTick
 .text.HAL_GetTick
                0x0000000008001254       0x14 Drivers/STM32F1xx_HAL_Driver/Src/stm32f1xx_hal.o
                0x0000000008001254                HAL_GetTick
 .text.HAL_Delay
                0x0000000008001268       0x44 Drivers/STM32F1xx_HAL_Driver/Src/stm32f1xx_hal.o
                0x0000000008001268                HAL_Delay
 .text.__NVIC_SetPriorityGrouping
                0x00000000080012ac       0x48 Drivers/STM32F1xx_HAL_Driver/Src/stm32f1xx_hal_cortex.o
 .text.__NVIC_GetPriorityGrouping
                0x00000000080012f4       0x1c Drivers/STM32F1xx_HAL_Driver/Src/stm32f1xx_hal_cortex.o
 .text.__NVIC_EnableIRQ
                0x0000000008001310       0x38 Drivers/STM32F1xx_HAL_Driver/Src/stm32f1xx_hal_cortex.o
 .text.__NVIC_SetPriority
                0x0000000008001348       0x54 Drivers/STM32F1xx_HAL_Driver/Src/stm32f1xx_hal_cortex.o
 .text.NVIC_EncodePriority
                0x000000000800139c       0x64 Drivers/STM32F1xx_HAL_Driver/Src/stm32f1xx_hal_cortex.o
 .text.HAL_NVIC_SetPriorityGrouping
                0x0000000008001400       0x16 Drivers/STM32F1xx_HAL_Driver/Src/stm32f1xx_hal_cortex.o
                0x0000000008001400                HAL_NVIC_SetPriorityGrouping
 .text.HAL_NVIC_SetPriority
                0x0000000008001416       0x38 Drivers/STM32F1xx_HAL_Driver/Src/stm32f1xx_hal_cortex.o
                0x0000000008001416                HAL_NVIC_SetPriority
 .text.HAL_NVIC_EnableIRQ
                0x000000000800144e       0x1c Drivers/STM32F1xx_HAL_Driver/Src/stm32f1xx_hal_cortex.o
                0x000000000800144e                HAL_NVIC_EnableIRQ
 .text.HAL_CRC_Init
                0x000000000800146a       0x38 Drivers/STM32F1xx_HAL_Driver/Src/stm32f1xx_hal_crc.o
                0x000000000800146a                HAL_CRC_Init
 *fill*         0x00000000080014a2        0x2 
 .text.HAL_DMA_Init
                0x00000000080014a4       0xb4 Drivers/STM32F1xx_HAL_Driver/Src/stm32f1xx_hal_dma.o
                0x00000000080014a4                HAL_DMA_Init
 .text.HAL_DMA_Abort_IT
                0x0000000008001558       0xec Drivers/STM32F1xx_HAL_Driver/Src/stm32f1xx_hal_dma.o
                0x0000000008001558                HAL_DMA_Abort_IT
 .text.HAL_DMA_IRQHandler
                0x0000000008001644      0x20c Drivers/STM32F1xx_HAL_Driver/Src/stm32f1xx_hal_dma.o
                0x0000000008001644                HAL_DMA_IRQHandler
 .text.HAL_GPIO_Init
                0x0000000008001850      0x2b4 Drivers/STM32F1xx_HAL_Driver/Src/stm32f1xx_hal_gpio.o
                0x0000000008001850                HAL_GPIO_Init
 .text.HAL_GPIO_WritePin
                0x0000000008001b04       0x30 Drivers/STM32F1xx_HAL_Driver/Src/stm32f1xx_hal_gpio.o
                0x0000000008001b04                HAL_GPIO_WritePin
 .text.HAL_GPIO_TogglePin
                0x0000000008001b34       0x30 Drivers/STM32F1xx_HAL_Driver/Src/stm32f1xx_hal_gpio.o
                0x0000000008001b34                HAL_GPIO_TogglePin
 .text.HAL_GPIO_EXTI_IRQHandler
                0x0000000008001b64       0x30 Drivers/STM32F1xx_HAL_Driver/Src/stm32f1xx_hal_gpio.o
                0x0000000008001b64                HAL_GPIO_EXTI_IRQHandler
 .text.HAL_IWDG_Init
                0x0000000008001b94       0x72 Drivers/STM32F1xx_HAL_Driver/Src/stm32f1xx_hal_iwdg.o
                0x0000000008001b94                HAL_IWDG_Init
 .text.HAL_IWDG_Refresh
                0x0000000008001c06       0x1e Drivers/STM32F1xx_HAL_Driver/Src/stm32f1xx_hal_iwdg.o
                0x0000000008001c06                HAL_IWDG_Refresh
 .text.HAL_RCC_OscConfig
                0x0000000008001c24      0x500 Drivers/STM32F1xx_HAL_Driver/Src/stm32f1xx_hal_rcc.o
                0x0000000008001c24                HAL_RCC_OscConfig
 .text.HAL_RCC_ClockConfig
                0x0000000008002124      0x1d4 Drivers/STM32F1xx_HAL_Driver/Src/stm32f1xx_hal_rcc.o
                0x0000000008002124                HAL_RCC_ClockConfig
 .text.HAL_RCC_GetSysClockFreq
                0x00000000080022f8       0xc4 Drivers/STM32F1xx_HAL_Driver/Src/stm32f1xx_hal_rcc.o
                0x00000000080022f8                HAL_RCC_GetSysClockFreq
 .text.HAL_RCC_GetHCLKFreq
                0x00000000080023bc       0x14 Drivers/STM32F1xx_HAL_Driver/Src/stm32f1xx_hal_rcc.o
                0x00000000080023bc                HAL_RCC_GetHCLKFreq
 .text.HAL_RCC_GetPCLK1Freq
                0x00000000080023d0       0x28 Drivers/STM32F1xx_HAL_Driver/Src/stm32f1xx_hal_rcc.o
                0x00000000080023d0                HAL_RCC_GetPCLK1Freq
 .text.HAL_RCC_GetPCLK2Freq
                0x00000000080023f8       0x28 Drivers/STM32F1xx_HAL_Driver/Src/stm32f1xx_hal_rcc.o
                0x00000000080023f8                HAL_RCC_GetPCLK2Freq
 .text.HAL_RCC_GetClockConfig
                0x0000000008002420       0x60 Drivers/STM32F1xx_HAL_Driver/Src/stm32f1xx_hal_rcc.o
                0x0000000008002420                HAL_RCC_GetClockConfig
 .text.RCC_Delay
                0x0000000008002480       0x3c Drivers/STM32F1xx_HAL_Driver/Src/stm32f1xx_hal_rcc.o
 .text.HAL_TIM_Base_Init
                0x00000000080024bc       0x56 Drivers/STM32F1xx_HAL_Driver/Src/stm32f1xx_hal_tim.o
                0x00000000080024bc                HAL_TIM_Base_Init
 .text.HAL_TIM_Base_MspInit
                0x0000000008002512       0x12 Drivers/STM32F1xx_HAL_Driver/Src/stm32f1xx_hal_tim.o
                0x0000000008002512                HAL_TIM_Base_MspInit
 .text.HAL_TIM_Base_Start_IT
                0x0000000008002524       0x46 Drivers/STM32F1xx_HAL_Driver/Src/stm32f1xx_hal_tim.o
                0x0000000008002524                HAL_TIM_Base_Start_IT
 .text.HAL_TIM_IRQHandler
                0x000000000800256a      0x210 Drivers/STM32F1xx_HAL_Driver/Src/stm32f1xx_hal_tim.o
                0x000000000800256a                HAL_TIM_IRQHandler
 .text.HAL_TIM_OC_DelayElapsedCallback
                0x000000000800277a       0x12 Drivers/STM32F1xx_HAL_Driver/Src/stm32f1xx_hal_tim.o
                0x000000000800277a                HAL_TIM_OC_DelayElapsedCallback
 .text.HAL_TIM_IC_CaptureCallback
                0x000000000800278c       0x12 Drivers/STM32F1xx_HAL_Driver/Src/stm32f1xx_hal_tim.o
                0x000000000800278c                HAL_TIM_IC_CaptureCallback
 .text.HAL_TIM_PWM_PulseFinishedCallback
                0x000000000800279e       0x12 Drivers/STM32F1xx_HAL_Driver/Src/stm32f1xx_hal_tim.o
                0x000000000800279e                HAL_TIM_PWM_PulseFinishedCallback
 .text.HAL_TIM_TriggerCallback
                0x00000000080027b0       0x12 Drivers/STM32F1xx_HAL_Driver/Src/stm32f1xx_hal_tim.o
                0x00000000080027b0                HAL_TIM_TriggerCallback
 *fill*         0x00000000080027c2        0x2 
 .text.TIM_Base_SetConfig
                0x00000000080027c4       0xc4 Drivers/STM32F1xx_HAL_Driver/Src/stm32f1xx_hal_tim.o
                0x00000000080027c4                TIM_Base_SetConfig
 .text.HAL_TIMEx_CommutCallback
                0x0000000008002888       0x12 Drivers/STM32F1xx_HAL_Driver/Src/stm32f1xx_hal_tim_ex.o
                0x0000000008002888                HAL_TIMEx_CommutCallback
 .text.HAL_TIMEx_BreakCallback
                0x000000000800289a       0x12 Drivers/STM32F1xx_HAL_Driver/Src/stm32f1xx_hal_tim_ex.o
                0x000000000800289a                HAL_TIMEx_BreakCallback
 .text.HAL_UART_Init
                0x00000000080028ac       0x9a Drivers/STM32F1xx_HAL_Driver/Src/stm32f1xx_hal_uart.o
                0x00000000080028ac                HAL_UART_Init
 .text.HAL_UART_Transmit
                0x0000000008002946      0x132 Drivers/STM32F1xx_HAL_Driver/Src/stm32f1xx_hal_uart.o
                0x0000000008002946                HAL_UART_Transmit
 .text.HAL_UART_Receive
                0x0000000008002a78      0x14c Drivers/STM32F1xx_HAL_Driver/Src/stm32f1xx_hal_uart.o
                0x0000000008002a78                HAL_UART_Receive
 .text.HAL_UART_IRQHandler
                0x0000000008002bc4      0x1f8 Drivers/STM32F1xx_HAL_Driver/Src/stm32f1xx_hal_uart.o
                0x0000000008002bc4                HAL_UART_IRQHandler
 .text.HAL_UART_TxCpltCallback
                0x0000000008002dbc       0x12 Drivers/STM32F1xx_HAL_Driver/Src/stm32f1xx_hal_uart.o
                0x0000000008002dbc                HAL_UART_TxCpltCallback
 .text.HAL_UART_RxCpltCallback
                0x0000000008002dce       0x12 Drivers/STM32F1xx_HAL_Driver/Src/stm32f1xx_hal_uart.o
                0x0000000008002dce                HAL_UART_RxCpltCallback
 .text.HAL_UART_ErrorCallback
                0x0000000008002de0       0x12 Drivers/STM32F1xx_HAL_Driver/Src/stm32f1xx_hal_uart.o
                0x0000000008002de0                HAL_UART_ErrorCallback
 .text.UART_WaitOnFlagUntilTimeout
                0x0000000008002df2       0x94 Drivers/STM32F1xx_HAL_Driver/Src/stm32f1xx_hal_uart.o
 .text.UART_EndRxTransfer
                0x0000000008002e86       0x3a Drivers/STM32F1xx_HAL_Driver/Src/stm32f1xx_hal_uart.o
 .text.UART_DMAAbortOnError
                0x0000000008002ec0       0x28 Drivers/STM32F1xx_HAL_Driver/Src/stm32f1xx_hal_uart.o
 .text.UART_Transmit_IT
                0x0000000008002ee8       0xaa Drivers/STM32F1xx_HAL_Driver/Src/stm32f1xx_hal_uart.o
 .text.UART_EndTransmit_IT
                0x0000000008002f92       0x30 Drivers/STM32F1xx_HAL_Driver/Src/stm32f1xx_hal_uart.o
 .text.UART_Receive_IT
                0x0000000008002fc2      0x102 Drivers/STM32F1xx_HAL_Driver/Src/stm32f1xx_hal_uart.o
 .text.UART_SetConfig
                0x00000000080030c4      0x1b4 Drivers/STM32F1xx_HAL_Driver/Src/stm32f1xx_hal_uart.o
 .text.__errno  0x0000000008003278        0xc d:/learningsoftware/stm32cubeide/stm32cubeide/stm32cubeide/plugins/com.st.stm32cube.ide.mcu.externaltools.gnu-tools-for-stm32.7-2018-q2-update.win32_1.4.0.202007081208/tools/bin/../lib/gcc/arm-none-eabi/7.3.1/../../../../arm-none-eabi/lib/thumb/v7-m\libc_nano.a(lib_a-errno.o)
                0x0000000008003278                __errno
 .text.__libc_init_array
                0x0000000008003284       0x48 d:/learningsoftware/stm32cubeide/stm32cubeide/stm32cubeide/plugins/com.st.stm32cube.ide.mcu.externaltools.gnu-tools-for-stm32.7-2018-q2-update.win32_1.4.0.202007081208/tools/bin/../lib/gcc/arm-none-eabi/7.3.1/../../../../arm-none-eabi/lib/thumb/v7-m\libc_nano.a(lib_a-init.o)
                0x0000000008003284                __libc_init_array
 .text.__itoa   0x00000000080032cc       0x30 d:/learningsoftware/stm32cubeide/stm32cubeide/stm32cubeide/plugins/com.st.stm32cube.ide.mcu.externaltools.gnu-tools-for-stm32.7-2018-q2-update.win32_1.4.0.202007081208/tools/bin/../lib/gcc/arm-none-eabi/7.3.1/../../../../arm-none-eabi/lib/thumb/v7-m\libc_nano.a(lib_a-itoa.o)
                0x00000000080032cc                __itoa
 .text.itoa     0x00000000080032fc        0x4 d:/learningsoftware/stm32cubeide/stm32cubeide/stm32cubeide/plugins/com.st.stm32cube.ide.mcu.externaltools.gnu-tools-for-stm32.7-2018-q2-update.win32_1.4.0.202007081208/tools/bin/../lib/gcc/arm-none-eabi/7.3.1/../../../../arm-none-eabi/lib/thumb/v7-m\libc_nano.a(lib_a-itoa.o)
                0x00000000080032fc                itoa
 .text.memset   0x0000000008003300       0x10 d:/learningsoftware/stm32cubeide/stm32cubeide/stm32cubeide/plugins/com.st.stm32cube.ide.mcu.externaltools.gnu-tools-for-stm32.7-2018-q2-update.win32_1.4.0.202007081208/tools/bin/../lib/gcc/arm-none-eabi/7.3.1/../../../../arm-none-eabi/lib/thumb/v7-m\libc_nano.a(lib_a-memset.o)
                0x0000000008003300                memset
 .text.printf   0x0000000008003310       0x30 d:/learningsoftware/stm32cubeide/stm32cubeide/stm32cubeide/plugins/com.st.stm32cube.ide.mcu.externaltools.gnu-tools-for-stm32.7-2018-q2-update.win32_1.4.0.202007081208/tools/bin/../lib/gcc/arm-none-eabi/7.3.1/../../../../arm-none-eabi/lib/thumb/v7-m\libc_nano.a(lib_a-printf.o)
                0x0000000008003310                iprintf
                0x0000000008003310                printf
 .text.setvbuf  0x0000000008003340      0x15c d:/learningsoftware/stm32cubeide/stm32cubeide/stm32cubeide/plugins/com.st.stm32cube.ide.mcu.externaltools.gnu-tools-for-stm32.7-2018-q2-update.win32_1.4.0.202007081208/tools/bin/../lib/gcc/arm-none-eabi/7.3.1/../../../../arm-none-eabi/lib/thumb/v7-m\libc_nano.a(lib_a-setvbuf.o)
                0x0000000008003340                setvbuf
 .text.__utoa   0x000000000800349c       0x7c d:/learningsoftware/stm32cubeide/stm32cubeide/stm32cubeide/plugins/com.st.stm32cube.ide.mcu.externaltools.gnu-tools-for-stm32.7-2018-q2-update.win32_1.4.0.202007081208/tools/bin/../lib/gcc/arm-none-eabi/7.3.1/../../../../arm-none-eabi/lib/thumb/v7-m\libc_nano.a(lib_a-utoa.o)
                0x000000000800349c                __utoa
 .text.__sflush_r
                0x0000000008003518      0x10c d:/learningsoftware/stm32cubeide/stm32cubeide/stm32cubeide/plugins/com.st.stm32cube.ide.mcu.externaltools.gnu-tools-for-stm32.7-2018-q2-update.win32_1.4.0.202007081208/tools/bin/../lib/gcc/arm-none-eabi/7.3.1/../../../../arm-none-eabi/lib/thumb/v7-m\libc_nano.a(lib_a-fflush.o)
                0x0000000008003518                __sflush_r
 .text._fflush_r
                0x0000000008003624       0x54 d:/learningsoftware/stm32cubeide/stm32cubeide/stm32cubeide/plugins/com.st.stm32cube.ide.mcu.externaltools.gnu-tools-for-stm32.7-2018-q2-update.win32_1.4.0.202007081208/tools/bin/../lib/gcc/arm-none-eabi/7.3.1/../../../../arm-none-eabi/lib/thumb/v7-m\libc_nano.a(lib_a-fflush.o)
                0x0000000008003624                _fflush_r
 .text.std      0x0000000008003678       0x48 d:/learningsoftware/stm32cubeide/stm32cubeide/stm32cubeide/plugins/com.st.stm32cube.ide.mcu.externaltools.gnu-tools-for-stm32.7-2018-q2-update.win32_1.4.0.202007081208/tools/bin/../lib/gcc/arm-none-eabi/7.3.1/../../../../arm-none-eabi/lib/thumb/v7-m\libc_nano.a(lib_a-findfp.o)
 .text._cleanup_r
                0x00000000080036c0        0xc d:/learningsoftware/stm32cubeide/stm32cubeide/stm32cubeide/plugins/com.st.stm32cube.ide.mcu.externaltools.gnu-tools-for-stm32.7-2018-q2-update.win32_1.4.0.202007081208/tools/bin/../lib/gcc/arm-none-eabi/7.3.1/../../../../arm-none-eabi/lib/thumb/v7-m\libc_nano.a(lib_a-findfp.o)
                0x00000000080036c0                _cleanup_r
 .text.__sfmoreglue
                0x00000000080036cc       0x2c d:/learningsoftware/stm32cubeide/stm32cubeide/stm32cubeide/plugins/com.st.stm32cube.ide.mcu.externaltools.gnu-tools-for-stm32.7-2018-q2-update.win32_1.4.0.202007081208/tools/bin/../lib/gcc/arm-none-eabi/7.3.1/../../../../arm-none-eabi/lib/thumb/v7-m\libc_nano.a(lib_a-findfp.o)
                0x00000000080036cc                __sfmoreglue
 .text.__sinit  0x00000000080036f8       0x60 d:/learningsoftware/stm32cubeide/stm32cubeide/stm32cubeide/plugins/com.st.stm32cube.ide.mcu.externaltools.gnu-tools-for-stm32.7-2018-q2-update.win32_1.4.0.202007081208/tools/bin/../lib/gcc/arm-none-eabi/7.3.1/../../../../arm-none-eabi/lib/thumb/v7-m\libc_nano.a(lib_a-findfp.o)
                0x00000000080036f8                __sinit
 .text.__sfp    0x0000000008003758       0x78 d:/learningsoftware/stm32cubeide/stm32cubeide/stm32cubeide/plugins/com.st.stm32cube.ide.mcu.externaltools.gnu-tools-for-stm32.7-2018-q2-update.win32_1.4.0.202007081208/tools/bin/../lib/gcc/arm-none-eabi/7.3.1/../../../../arm-none-eabi/lib/thumb/v7-m\libc_nano.a(lib_a-findfp.o)
                0x0000000008003758                __sfp
 .text._fwalk_reent
                0x00000000080037d0       0x3c d:/learningsoftware/stm32cubeide/stm32cubeide/stm32cubeide/plugins/com.st.stm32cube.ide.mcu.externaltools.gnu-tools-for-stm32.7-2018-q2-update.win32_1.4.0.202007081208/tools/bin/../lib/gcc/arm-none-eabi/7.3.1/../../../../arm-none-eabi/lib/thumb/v7-m\libc_nano.a(lib_a-fwalk.o)
                0x00000000080037d0                _fwalk_reent
 .text.__swhatbuf_r
                0x000000000800380c       0x48 d:/learningsoftware/stm32cubeide/stm32cubeide/stm32cubeide/plugins/com.st.stm32cube.ide.mcu.externaltools.gnu-tools-for-stm32.7-2018-q2-update.win32_1.4.0.202007081208/tools/bin/../lib/gcc/arm-none-eabi/7.3.1/../../../../arm-none-eabi/lib/thumb/v7-m\libc_nano.a(lib_a-makebuf.o)
                0x000000000800380c                __swhatbuf_r
 .text.__smakebuf_r
                0x0000000008003854       0x80 d:/learningsoftware/stm32cubeide/stm32cubeide/stm32cubeide/plugins/com.st.stm32cube.ide.mcu.externaltools.gnu-tools-for-stm32.7-2018-q2-update.win32_1.4.0.202007081208/tools/bin/../lib/gcc/arm-none-eabi/7.3.1/../../../../arm-none-eabi/lib/thumb/v7-m\libc_nano.a(lib_a-makebuf.o)
                0x0000000008003854                __smakebuf_r
 .text.malloc   0x00000000080038d4       0x10 d:/learningsoftware/stm32cubeide/stm32cubeide/stm32cubeide/plugins/com.st.stm32cube.ide.mcu.externaltools.gnu-tools-for-stm32.7-2018-q2-update.win32_1.4.0.202007081208/tools/bin/../lib/gcc/arm-none-eabi/7.3.1/../../../../arm-none-eabi/lib/thumb/v7-m\libc_nano.a(lib_a-malloc.o)
                0x00000000080038d4                malloc
 .text._free_r  0x00000000080038e4       0x98 d:/learningsoftware/stm32cubeide/stm32cubeide/stm32cubeide/plugins/com.st.stm32cube.ide.mcu.externaltools.gnu-tools-for-stm32.7-2018-q2-update.win32_1.4.0.202007081208/tools/bin/../lib/gcc/arm-none-eabi/7.3.1/../../../../arm-none-eabi/lib/thumb/v7-m\libc_nano.a(lib_a-nano-freer.o)
                0x00000000080038e4                _free_r
 .text._malloc_r
                0x000000000800397c       0xb4 d:/learningsoftware/stm32cubeide/stm32cubeide/stm32cubeide/plugins/com.st.stm32cube.ide.mcu.externaltools.gnu-tools-for-stm32.7-2018-q2-update.win32_1.4.0.202007081208/tools/bin/../lib/gcc/arm-none-eabi/7.3.1/../../../../arm-none-eabi/lib/thumb/v7-m\libc_nano.a(lib_a-nano-mallocr.o)
                0x000000000800397c                _malloc_r
 .text.__sfputc_r
                0x0000000008003a30       0x2a d:/learningsoftware/stm32cubeide/stm32cubeide/stm32cubeide/plugins/com.st.stm32cube.ide.mcu.externaltools.gnu-tools-for-stm32.7-2018-q2-update.win32_1.4.0.202007081208/tools/bin/../lib/gcc/arm-none-eabi/7.3.1/../../../../arm-none-eabi/lib/thumb/v7-m\libc_nano.a(lib_a-nano-vfprintf.o)
 .text.__sfputs_r
                0x0000000008003a5a       0x24 d:/learningsoftware/stm32cubeide/stm32cubeide/stm32cubeide/plugins/com.st.stm32cube.ide.mcu.externaltools.gnu-tools-for-stm32.7-2018-q2-update.win32_1.4.0.202007081208/tools/bin/../lib/gcc/arm-none-eabi/7.3.1/../../../../arm-none-eabi/lib/thumb/v7-m\libc_nano.a(lib_a-nano-vfprintf.o)
                0x0000000008003a5a                __sfputs_r
 *fill*         0x0000000008003a7e        0x2 
 .text._vfprintf_r
                0x0000000008003a80      0x22c d:/learningsoftware/stm32cubeide/stm32cubeide/stm32cubeide/plugins/com.st.stm32cube.ide.mcu.externaltools.gnu-tools-for-stm32.7-2018-q2-update.win32_1.4.0.202007081208/tools/bin/../lib/gcc/arm-none-eabi/7.3.1/../../../../arm-none-eabi/lib/thumb/v7-m\libc_nano.a(lib_a-nano-vfprintf.o)
                0x0000000008003a80                _vfprintf_r
                0x0000000008003a80                _vfiprintf_r
 .text._printf_common
                0x0000000008003cac       0xec d:/learningsoftware/stm32cubeide/stm32cubeide/stm32cubeide/plugins/com.st.stm32cube.ide.mcu.externaltools.gnu-tools-for-stm32.7-2018-q2-update.win32_1.4.0.202007081208/tools/bin/../lib/gcc/arm-none-eabi/7.3.1/../../../../arm-none-eabi/lib/thumb/v7-m\libc_nano.a(lib_a-nano-vfprintf_i.o)
                0x0000000008003cac                _printf_common
 .text._printf_i
                0x0000000008003d98      0x224 d:/learningsoftware/stm32cubeide/stm32cubeide/stm32cubeide/plugins/com.st.stm32cube.ide.mcu.externaltools.gnu-tools-for-stm32.7-2018-q2-update.win32_1.4.0.202007081208/tools/bin/../lib/gcc/arm-none-eabi/7.3.1/../../../../arm-none-eabi/lib/thumb/v7-m\libc_nano.a(lib_a-nano-vfprintf_i.o)
                0x0000000008003d98                _printf_i
 .text._sbrk_r  0x0000000008003fbc       0x20 d:/learningsoftware/stm32cubeide/stm32cubeide/stm32cubeide/plugins/com.st.stm32cube.ide.mcu.externaltools.gnu-tools-for-stm32.7-2018-q2-update.win32_1.4.0.202007081208/tools/bin/../lib/gcc/arm-none-eabi/7.3.1/../../../../arm-none-eabi/lib/thumb/v7-m\libc_nano.a(lib_a-sbrkr.o)
                0x0000000008003fbc                _sbrk_r
 .text.__sread  0x0000000008003fdc       0x22 d:/learningsoftware/stm32cubeide/stm32cubeide/stm32cubeide/plugins/com.st.stm32cube.ide.mcu.externaltools.gnu-tools-for-stm32.7-2018-q2-update.win32_1.4.0.202007081208/tools/bin/../lib/gcc/arm-none-eabi/7.3.1/../../../../arm-none-eabi/lib/thumb/v7-m\libc_nano.a(lib_a-stdio.o)
                0x0000000008003fdc                __sread
 .text.__swrite
                0x0000000008003ffe       0x38 d:/learningsoftware/stm32cubeide/stm32cubeide/stm32cubeide/plugins/com.st.stm32cube.ide.mcu.externaltools.gnu-tools-for-stm32.7-2018-q2-update.win32_1.4.0.202007081208/tools/bin/../lib/gcc/arm-none-eabi/7.3.1/../../../../arm-none-eabi/lib/thumb/v7-m\libc_nano.a(lib_a-stdio.o)
                0x0000000008003ffe                __swrite
 .text.__sseek  0x0000000008004036       0x24 d:/learningsoftware/stm32cubeide/stm32cubeide/stm32cubeide/plugins/com.st.stm32cube.ide.mcu.externaltools.gnu-tools-for-stm32.7-2018-q2-update.win32_1.4.0.202007081208/tools/bin/../lib/gcc/arm-none-eabi/7.3.1/../../../../arm-none-eabi/lib/thumb/v7-m\libc_nano.a(lib_a-stdio.o)
                0x0000000008004036                __sseek
 .text.__sclose
                0x000000000800405a        0x8 d:/learningsoftware/stm32cubeide/stm32cubeide/stm32cubeide/plugins/com.st.stm32cube.ide.mcu.externaltools.gnu-tools-for-stm32.7-2018-q2-update.win32_1.4.0.202007081208/tools/bin/../lib/gcc/arm-none-eabi/7.3.1/../../../../arm-none-eabi/lib/thumb/v7-m\libc_nano.a(lib_a-stdio.o)
                0x000000000800405a                __sclose
 *fill*         0x0000000008004062        0x2 
 .text.__swbuf_r
                0x0000000008004064       0xa4 d:/learningsoftware/stm32cubeide/stm32cubeide/stm32cubeide/plugins/com.st.stm32cube.ide.mcu.externaltools.gnu-tools-for-stm32.7-2018-q2-update.win32_1.4.0.202007081208/tools/bin/../lib/gcc/arm-none-eabi/7.3.1/../../../../arm-none-eabi/lib/thumb/v7-m\libc_nano.a(lib_a-wbuf.o)
                0x0000000008004064                __swbuf_r
 .text._write_r
                0x0000000008004108       0x24 d:/learningsoftware/stm32cubeide/stm32cubeide/stm32cubeide/plugins/com.st.stm32cube.ide.mcu.externaltools.gnu-tools-for-stm32.7-2018-q2-update.win32_1.4.0.202007081208/tools/bin/../lib/gcc/arm-none-eabi/7.3.1/../../../../arm-none-eabi/lib/thumb/v7-m\libc_nano.a(lib_a-writer.o)
                0x0000000008004108                _write_r
 .text.__swsetup_r
                0x000000000800412c       0xdc d:/learningsoftware/stm32cubeide/stm32cubeide/stm32cubeide/plugins/com.st.stm32cube.ide.mcu.externaltools.gnu-tools-for-stm32.7-2018-q2-update.win32_1.4.0.202007081208/tools/bin/../lib/gcc/arm-none-eabi/7.3.1/../../../../arm-none-eabi/lib/thumb/v7-m\libc_nano.a(lib_a-wsetup.o)
                0x000000000800412c                __swsetup_r
 .text._close_r
                0x0000000008004208       0x20 d:/learningsoftware/stm32cubeide/stm32cubeide/stm32cubeide/plugins/com.st.stm32cube.ide.mcu.externaltools.gnu-tools-for-stm32.7-2018-q2-update.win32_1.4.0.202007081208/tools/bin/../lib/gcc/arm-none-eabi/7.3.1/../../../../arm-none-eabi/lib/thumb/v7-m\libc_nano.a(lib_a-closer.o)
                0x0000000008004208                _close_r
 .text._fstat_r
                0x0000000008004228       0x24 d:/learningsoftware/stm32cubeide/stm32cubeide/stm32cubeide/plugins/com.st.stm32cube.ide.mcu.externaltools.gnu-tools-for-stm32.7-2018-q2-update.win32_1.4.0.202007081208/tools/bin/../lib/gcc/arm-none-eabi/7.3.1/../../../../arm-none-eabi/lib/thumb/v7-m\libc_nano.a(lib_a-fstatr.o)
                0x0000000008004228                _fstat_r
 .text._isatty_r
                0x000000000800424c       0x20 d:/learningsoftware/stm32cubeide/stm32cubeide/stm32cubeide/plugins/com.st.stm32cube.ide.mcu.externaltools.gnu-tools-for-stm32.7-2018-q2-update.win32_1.4.0.202007081208/tools/bin/../lib/gcc/arm-none-eabi/7.3.1/../../../../arm-none-eabi/lib/thumb/v7-m\libc_nano.a(lib_a-isattyr.o)
                0x000000000800424c                _isatty_r
 .text._lseek_r
                0x000000000800426c       0x24 d:/learningsoftware/stm32cubeide/stm32cubeide/stm32cubeide/plugins/com.st.stm32cube.ide.mcu.externaltools.gnu-tools-for-stm32.7-2018-q2-update.win32_1.4.0.202007081208/tools/bin/../lib/gcc/arm-none-eabi/7.3.1/../../../../arm-none-eabi/lib/thumb/v7-m\libc_nano.a(lib_a-lseekr.o)
                0x000000000800426c                _lseek_r
 .text.memchr   0x0000000008004290       0x1c d:/learningsoftware/stm32cubeide/stm32cubeide/stm32cubeide/plugins/com.st.stm32cube.ide.mcu.externaltools.gnu-tools-for-stm32.7-2018-q2-update.win32_1.4.0.202007081208/tools/bin/../lib/gcc/arm-none-eabi/7.3.1/../../../../arm-none-eabi/lib/thumb/v7-m\libc_nano.a(lib_a-memchr-stub.o)
                0x0000000008004290                memchr
 .text.__malloc_lock
                0x00000000080042ac        0x2 d:/learningsoftware/stm32cubeide/stm32cubeide/stm32cubeide/plugins/com.st.stm32cube.ide.mcu.externaltools.gnu-tools-for-stm32.7-2018-q2-update.win32_1.4.0.202007081208/tools/bin/../lib/gcc/arm-none-eabi/7.3.1/../../../../arm-none-eabi/lib/thumb/v7-m\libc_nano.a(lib_a-mlock.o)
                0x00000000080042ac                __malloc_lock
 .text.__malloc_unlock
                0x00000000080042ae        0x2 d:/learningsoftware/stm32cubeide/stm32cubeide/stm32cubeide/plugins/com.st.stm32cube.ide.mcu.externaltools.gnu-tools-for-stm32.7-2018-q2-update.win32_1.4.0.202007081208/tools/bin/../lib/gcc/arm-none-eabi/7.3.1/../../../../arm-none-eabi/lib/thumb/v7-m\libc_nano.a(lib_a-mlock.o)
                0x00000000080042ae                __malloc_unlock
 .text._read_r  0x00000000080042b0       0x24 d:/learningsoftware/stm32cubeide/stm32cubeide/stm32cubeide/plugins/com.st.stm32cube.ide.mcu.externaltools.gnu-tools-for-stm32.7-2018-q2-update.win32_1.4.0.202007081208/tools/bin/../lib/gcc/arm-none-eabi/7.3.1/../../../../arm-none-eabi/lib/thumb/v7-m\libc_nano.a(lib_a-readr.o)
                0x00000000080042b0                _read_r
 *(.glue_7)
 .glue_7        0x00000000080042d4        0x0 linker stubs
 *(.glue_7t)
 .glue_7t       0x00000000080042d4        0x0 linker stubs
 *(.eh_frame)
 .eh_frame      0x00000000080042d4        0x0 d:/learningsoftware/stm32cubeide/stm32cubeide/stm32cubeide/plugins/com.st.stm32cube.ide.mcu.externaltools.gnu-tools-for-stm32.7-2018-q2-update.win32_1.4.0.202007081208/tools/bin/../lib/gcc/arm-none-eabi/7.3.1/thumb/v7-m/crtbegin.o
 *(.init)
 .init          0x00000000080042d4        0x4 d:/learningsoftware/stm32cubeide/stm32cubeide/stm32cubeide/plugins/com.st.stm32cube.ide.mcu.externaltools.gnu-tools-for-stm32.7-2018-q2-update.win32_1.4.0.202007081208/tools/bin/../lib/gcc/arm-none-eabi/7.3.1/thumb/v7-m/crti.o
                0x00000000080042d4                _init
 .init          0x00000000080042d8        0x8 d:/learningsoftware/stm32cubeide/stm32cubeide/stm32cubeide/plugins/com.st.stm32cube.ide.mcu.externaltools.gnu-tools-for-stm32.7-2018-q2-update.win32_1.4.0.202007081208/tools/bin/../lib/gcc/arm-none-eabi/7.3.1/thumb/v7-m/crtn.o
 *(.fini)
 .fini          0x00000000080042e0        0x4 d:/learningsoftware/stm32cubeide/stm32cubeide/stm32cubeide/plugins/com.st.stm32cube.ide.mcu.externaltools.gnu-tools-for-stm32.7-2018-q2-update.win32_1.4.0.202007081208/tools/bin/../lib/gcc/arm-none-eabi/7.3.1/thumb/v7-m/crti.o
                0x00000000080042e0                _fini
 .fini          0x00000000080042e4        0x8 d:/learningsoftware/stm32cubeide/stm32cubeide/stm32cubeide/plugins/com.st.stm32cube.ide.mcu.externaltools.gnu-tools-for-stm32.7-2018-q2-update.win32_1.4.0.202007081208/tools/bin/../lib/gcc/arm-none-eabi/7.3.1/thumb/v7-m/crtn.o
                0x00000000080042ec                . = ALIGN (0x4)
                0x00000000080042ec                _etext = .

.vfp11_veneer   0x00000000080042ec        0x0
 .vfp11_veneer  0x00000000080042ec        0x0 linker stubs

.v4_bx          0x00000000080042ec        0x0
 .v4_bx         0x00000000080042ec        0x0 linker stubs

.iplt           0x00000000080042ec        0x0
 .iplt          0x00000000080042ec        0x0 d:/learningsoftware/stm32cubeide/stm32cubeide/stm32cubeide/plugins/com.st.stm32cube.ide.mcu.externaltools.gnu-tools-for-stm32.7-2018-q2-update.win32_1.4.0.202007081208/tools/bin/../lib/gcc/arm-none-eabi/7.3.1/thumb/v7-m/crtbegin.o

.rodata         0x00000000080042ec      0x1f4
                0x00000000080042ec                . = ALIGN (0x4)
 *(.rodata)
 .rodata        0x00000000080042ec       0x44 Core/Src/main.o
 .rodata        0x0000000008004330       0xc1 Core/Src/myDebug.o
 *fill*         0x00000000080043f1        0x3 
 .rodata        0x00000000080043f4       0x12 Drivers/STM32F1xx_HAL_Driver/Src/stm32f1xx_hal_rcc.o
 *(.rodata*)
 *fill*         0x0000000008004406        0x2 
 .rodata.AHBPrescTable
                0x0000000008004408       0x10 Core/Src/system_stm32f1xx.o
                0x0000000008004408                AHBPrescTable
 .rodata.APBPrescTable
                0x0000000008004418        0x8 Core/Src/system_stm32f1xx.o
                0x0000000008004418                APBPrescTable
 .rodata._global_impure_ptr
                0x0000000008004420        0x4 d:/learningsoftware/stm32cubeide/stm32cubeide/stm32cubeide/plugins/com.st.stm32cube.ide.mcu.externaltools.gnu-tools-for-stm32.7-2018-q2-update.win32_1.4.0.202007081208/tools/bin/../lib/gcc/arm-none-eabi/7.3.1/../../../../arm-none-eabi/lib/thumb/v7-m\libc_nano.a(lib_a-impure.o)
                0x0000000008004420                _global_impure_ptr
 .rodata.__utoa.str1.1
                0x0000000008004424       0x25 d:/learningsoftware/stm32cubeide/stm32cubeide/stm32cubeide/plugins/com.st.stm32cube.ide.mcu.externaltools.gnu-tools-for-stm32.7-2018-q2-update.win32_1.4.0.202007081208/tools/bin/../lib/gcc/arm-none-eabi/7.3.1/../../../../arm-none-eabi/lib/thumb/v7-m\libc_nano.a(lib_a-utoa.o)
 *fill*         0x0000000008004449        0x3 
 .rodata.__sf_fake_stderr
                0x000000000800444c       0x20 d:/learningsoftware/stm32cubeide/stm32cubeide/stm32cubeide/plugins/com.st.stm32cube.ide.mcu.externaltools.gnu-tools-for-stm32.7-2018-q2-update.win32_1.4.0.202007081208/tools/bin/../lib/gcc/arm-none-eabi/7.3.1/../../../../arm-none-eabi/lib/thumb/v7-m\libc_nano.a(lib_a-findfp.o)
                0x000000000800444c                __sf_fake_stderr
 .rodata.__sf_fake_stdin
                0x000000000800446c       0x20 d:/learningsoftware/stm32cubeide/stm32cubeide/stm32cubeide/plugins/com.st.stm32cube.ide.mcu.externaltools.gnu-tools-for-stm32.7-2018-q2-update.win32_1.4.0.202007081208/tools/bin/../lib/gcc/arm-none-eabi/7.3.1/../../../../arm-none-eabi/lib/thumb/v7-m\libc_nano.a(lib_a-findfp.o)
                0x000000000800446c                __sf_fake_stdin
 .rodata.__sf_fake_stdout
                0x000000000800448c       0x20 d:/learningsoftware/stm32cubeide/stm32cubeide/stm32cubeide/plugins/com.st.stm32cube.ide.mcu.externaltools.gnu-tools-for-stm32.7-2018-q2-update.win32_1.4.0.202007081208/tools/bin/../lib/gcc/arm-none-eabi/7.3.1/../../../../arm-none-eabi/lib/thumb/v7-m\libc_nano.a(lib_a-findfp.o)
                0x000000000800448c                __sf_fake_stdout
 .rodata._vfprintf_r.str1.1
                0x00000000080044ac       0x11 d:/learningsoftware/stm32cubeide/stm32cubeide/stm32cubeide/plugins/com.st.stm32cube.ide.mcu.externaltools.gnu-tools-for-stm32.7-2018-q2-update.win32_1.4.0.202007081208/tools/bin/../lib/gcc/arm-none-eabi/7.3.1/../../../../arm-none-eabi/lib/thumb/v7-m\libc_nano.a(lib_a-nano-vfprintf.o)
 .rodata._printf_i.str1.1
                0x00000000080044bd       0x22 d:/learningsoftware/stm32cubeide/stm32cubeide/stm32cubeide/plugins/com.st.stm32cube.ide.mcu.externaltools.gnu-tools-for-stm32.7-2018-q2-update.win32_1.4.0.202007081208/tools/bin/../lib/gcc/arm-none-eabi/7.3.1/../../../../arm-none-eabi/lib/thumb/v7-m\libc_nano.a(lib_a-nano-vfprintf_i.o)
                0x00000000080044e0                . = ALIGN (0x4)
 *fill*         0x00000000080044df        0x1 

.rel.dyn        0x00000000080044e0        0x0
 .rel.iplt      0x00000000080044e0        0x0 d:/learningsoftware/stm32cubeide/stm32cubeide/stm32cubeide/plugins/com.st.stm32cube.ide.mcu.externaltools.gnu-tools-for-stm32.7-2018-q2-update.win32_1.4.0.202007081208/tools/bin/../lib/gcc/arm-none-eabi/7.3.1/thumb/v7-m/crtbegin.o

.ARM.extab      0x00000000080044e0        0x0
                0x00000000080044e0                . = ALIGN (0x4)
 *(.ARM.extab* .gnu.linkonce.armextab.*)
                0x00000000080044e0                . = ALIGN (0x4)

.ARM            0x00000000080044e0        0x0
                0x00000000080044e0                . = ALIGN (0x4)
                0x00000000080044e0                __exidx_start = .
 *(.ARM.exidx*)
                0x00000000080044e0                __exidx_end = .
                0x00000000080044e0                . = ALIGN (0x4)

.preinit_array  0x00000000080044e0        0x0
                0x00000000080044e0                . = ALIGN (0x4)
                0x00000000080044e0                PROVIDE (__preinit_array_start = .)
 *(.preinit_array*)
                0x00000000080044e0                PROVIDE (__preinit_array_end = .)
                0x00000000080044e0                . = ALIGN (0x4)

.init_array     0x00000000080044e0        0x4
                0x00000000080044e0                . = ALIGN (0x4)
                0x00000000080044e0                PROVIDE (__init_array_start = .)
 *(SORT_BY_NAME(.init_array.*))
 *(.init_array*)
 .init_array    0x00000000080044e0        0x4 d:/learningsoftware/stm32cubeide/stm32cubeide/stm32cubeide/plugins/com.st.stm32cube.ide.mcu.externaltools.gnu-tools-for-stm32.7-2018-q2-update.win32_1.4.0.202007081208/tools/bin/../lib/gcc/arm-none-eabi/7.3.1/thumb/v7-m/crtbegin.o
                0x00000000080044e4                PROVIDE (__init_array_end = .)
                0x00000000080044e4                . = ALIGN (0x4)

.fini_array     0x00000000080044e4        0x4
                0x00000000080044e4                . = ALIGN (0x4)
                [!provide]                        PROVIDE (__fini_array_start = .)
 *(SORT_BY_NAME(.fini_array.*))
 *(.fini_array*)
 .fini_array    0x00000000080044e4        0x4 d:/learningsoftware/stm32cubeide/stm32cubeide/stm32cubeide/plugins/com.st.stm32cube.ide.mcu.externaltools.gnu-tools-for-stm32.7-2018-q2-update.win32_1.4.0.202007081208/tools/bin/../lib/gcc/arm-none-eabi/7.3.1/thumb/v7-m/crtbegin.o
                [!provide]                        PROVIDE (__fini_array_end = .)
                0x00000000080044e8                . = ALIGN (0x4)
                0x00000000080044e8                _sidata = LOADADDR (.data)

.data           0x0000000020000000       0x70 load address 0x00000000080044e8
                0x0000000020000000                . = ALIGN (0x4)
                0x0000000020000000                _sdata = .
 *(.data)
 *(.data*)
 .data.SystemCoreClock
                0x0000000020000000        0x4 Core/Src/system_stm32f1xx.o
                0x0000000020000000                SystemCoreClock
 .data.uwTickPrio
                0x0000000020000004        0x4 Drivers/STM32F1xx_HAL_Driver/Src/stm32f1xx_hal.o
                0x0000000020000004                uwTickPrio
 .data.uwTickFreq
                0x0000000020000008        0x1 Drivers/STM32F1xx_HAL_Driver/Src/stm32f1xx_hal.o
                0x0000000020000008                uwTickFreq
 *fill*         0x0000000020000009        0x3 
 .data._impure_ptr
                0x000000002000000c        0x4 d:/learningsoftware/stm32cubeide/stm32cubeide/stm32cubeide/plugins/com.st.stm32cube.ide.mcu.externaltools.gnu-tools-for-stm32.7-2018-q2-update.win32_1.4.0.202007081208/tools/bin/../lib/gcc/arm-none-eabi/7.3.1/../../../../arm-none-eabi/lib/thumb/v7-m\libc_nano.a(lib_a-impure.o)
                0x000000002000000c                _impure_ptr
 .data.impure_data
                0x0000000020000010       0x60 d:/learningsoftware/stm32cubeide/stm32cubeide/stm32cubeide/plugins/com.st.stm32cube.ide.mcu.externaltools.gnu-tools-for-stm32.7-2018-q2-update.win32_1.4.0.202007081208/tools/bin/../lib/gcc/arm-none-eabi/7.3.1/../../../../arm-none-eabi/lib/thumb/v7-m\libc_nano.a(lib_a-impure.o)
                0x0000000020000070                . = ALIGN (0x4)
                0x0000000020000070                _edata = .

.igot.plt       0x0000000020000070        0x0 load address 0x0000000008004558
 .igot.plt      0x0000000020000070        0x0 d:/learningsoftware/stm32cubeide/stm32cubeide/stm32cubeide/plugins/com.st.stm32cube.ide.mcu.externaltools.gnu-tools-for-stm32.7-2018-q2-update.win32_1.4.0.202007081208/tools/bin/../lib/gcc/arm-none-eabi/7.3.1/thumb/v7-m/crtbegin.o
                0x0000000020000070                . = ALIGN (0x4)

.bss            0x0000000020000070      0x168 load address 0x0000000008004558
                0x0000000020000070                _sbss = .
                0x0000000020000070                __bss_start__ = _sbss
 *(.bss)
 .bss           0x0000000020000070       0x1c d:/learningsoftware/stm32cubeide/stm32cubeide/stm32cubeide/plugins/com.st.stm32cube.ide.mcu.externaltools.gnu-tools-for-stm32.7-2018-q2-update.win32_1.4.0.202007081208/tools/bin/../lib/gcc/arm-none-eabi/7.3.1/thumb/v7-m/crtbegin.o
 *(.bss*)
 .bss.error_handler_count.7889
                0x000000002000008c        0x4 Core/Src/main.o
 .bss.__sbrk_heap_end
                0x0000000020000090        0x4 Core/Src/sysmem.o
 .bss.__malloc_free_list
                0x0000000020000094        0x4 d:/learningsoftware/stm32cubeide/stm32cubeide/stm32cubeide/plugins/com.st.stm32cube.ide.mcu.externaltools.gnu-tools-for-stm32.7-2018-q2-update.win32_1.4.0.202007081208/tools/bin/../lib/gcc/arm-none-eabi/7.3.1/../../../../arm-none-eabi/lib/thumb/v7-m\libc_nano.a(lib_a-nano-mallocr.o)
                0x0000000020000094                __malloc_free_list
 .bss.__malloc_sbrk_start
                0x0000000020000098        0x4 d:/learningsoftware/stm32cubeide/stm32cubeide/stm32cubeide/plugins/com.st.stm32cube.ide.mcu.externaltools.gnu-tools-for-stm32.7-2018-q2-update.win32_1.4.0.202007081208/tools/bin/../lib/gcc/arm-none-eabi/7.3.1/../../../../arm-none-eabi/lib/thumb/v7-m\libc_nano.a(lib_a-nano-mallocr.o)
                0x0000000020000098                __malloc_sbrk_start
 *(COMMON)
 COMMON         0x000000002000009c        0x8 Core/Src/crc.o
                0x000000002000009c                hcrc
 COMMON         0x00000000200000a4       0x20 Core/Src/main.o
                0x00000000200000a4                _hiwdg
                0x00000000200000b0                ucGeneralString
                0x00000000200000bc                prev_tick
                0x00000000200000c0                temp_tick
 COMMON         0x00000000200000c4        0x4 Core/Src/retarget.o
                0x00000000200000c4                gHuart
 COMMON         0x00000000200000c8       0x40 Core/Src/stm32f1xx_hal_timebase_tim.o
                0x00000000200000c8                htim4
 COMMON         0x0000000020000108       0xc8 Core/Src/usart.o
                0x0000000020000108                hdma_usart2_rx
                0x000000002000014c                hdma_usart2_tx
                0x0000000020000190                huart2
 COMMON         0x00000000200001d0        0x4 Drivers/STM32F1xx_HAL_Driver/Src/stm32f1xx_hal.o
                0x00000000200001d0                uwTick
 COMMON         0x00000000200001d4        0x4 d:/learningsoftware/stm32cubeide/stm32cubeide/stm32cubeide/plugins/com.st.stm32cube.ide.mcu.externaltools.gnu-tools-for-stm32.7-2018-q2-update.win32_1.4.0.202007081208/tools/bin/../lib/gcc/arm-none-eabi/7.3.1/../../../../arm-none-eabi/lib/thumb/v7-m\libc_nano.a(lib_a-reent.o)
                0x00000000200001d4                errno
                0x00000000200001d8                . = ALIGN (0x4)
                0x00000000200001d8                _ebss = .
                0x00000000200001d8                __bss_end__ = _ebss

._user_heap_stack
                0x00000000200001d8      0x600 load address 0x0000000008004558
                0x00000000200001d8                . = ALIGN (0x8)
                [!provide]                        PROVIDE (end = .)
                0x00000000200001d8                PROVIDE (_end = .)
                0x00000000200003d8                . = (. + _Min_Heap_Size)
 *fill*         0x00000000200001d8      0x200 
                0x00000000200007d8                . = (. + _Min_Stack_Size)
 *fill*         0x00000000200003d8      0x400 
                0x00000000200007d8                . = ALIGN (0x8)

/DISCARD/
 libc.a(*)
 libm.a(*)
 libgcc.a(*)

.ARM.attributes
                0x0000000000000000       0x29
 *(.ARM.attributes)
 .ARM.attributes
                0x0000000000000000       0x1d d:/learningsoftware/stm32cubeide/stm32cubeide/stm32cubeide/plugins/com.st.stm32cube.ide.mcu.externaltools.gnu-tools-for-stm32.7-2018-q2-update.win32_1.4.0.202007081208/tools/bin/../lib/gcc/arm-none-eabi/7.3.1/thumb/v7-m/crti.o
 .ARM.attributes
                0x000000000000001d       0x2d d:/learningsoftware/stm32cubeide/stm32cubeide/stm32cubeide/plugins/com.st.stm32cube.ide.mcu.externaltools.gnu-tools-for-stm32.7-2018-q2-update.win32_1.4.0.202007081208/tools/bin/../lib/gcc/arm-none-eabi/7.3.1/thumb/v7-m/crtbegin.o
 .ARM.attributes
                0x000000000000004a       0x33 Core/Src/crc.o
 .ARM.attributes
                0x000000000000007d       0x33 Core/Src/dma.o
 .ARM.attributes
                0x00000000000000b0       0x33 Core/Src/gpio.o
 .ARM.attributes
                0x00000000000000e3       0x33 Core/Src/main.o
 .ARM.attributes
                0x0000000000000116       0x33 Core/Src/myDebug.o
 .ARM.attributes
                0x0000000000000149       0x33 Core/Src/retarget.o
 .ARM.attributes
                0x000000000000017c       0x33 Core/Src/stm32f1xx_hal_msp.o
 .ARM.attributes
                0x00000000000001af       0x33 Core/Src/stm32f1xx_hal_timebase_tim.o
 .ARM.attributes
                0x00000000000001e2       0x33 Core/Src/stm32f1xx_it.o
 .ARM.attributes
                0x0000000000000215       0x33 Core/Src/sysmem.o
 .ARM.attributes
                0x0000000000000248       0x33 Core/Src/system_stm32f1xx.o
 .ARM.attributes
                0x000000000000027b       0x33 Core/Src/usart.o
 .ARM.attributes
                0x00000000000002ae       0x21 Core/Startup/startup_stm32f103c8tx.o
 .ARM.attributes
                0x00000000000002cf       0x33 Drivers/STM32F1xx_HAL_Driver/Src/stm32f1xx_hal.o
 .ARM.attributes
                0x0000000000000302       0x33 Drivers/STM32F1xx_HAL_Driver/Src/stm32f1xx_hal_cortex.o
 .ARM.attributes
                0x0000000000000335       0x33 Drivers/STM32F1xx_HAL_Driver/Src/stm32f1xx_hal_crc.o
 .ARM.attributes
                0x0000000000000368       0x33 Drivers/STM32F1xx_HAL_Driver/Src/stm32f1xx_hal_dma.o
 .ARM.attributes
                0x000000000000039b       0x33 Drivers/STM32F1xx_HAL_Driver/Src/stm32f1xx_hal_gpio.o
 .ARM.attributes
                0x00000000000003ce       0x33 Drivers/STM32F1xx_HAL_Driver/Src/stm32f1xx_hal_iwdg.o
 .ARM.attributes
                0x0000000000000401       0x33 Drivers/STM32F1xx_HAL_Driver/Src/stm32f1xx_hal_rcc.o
 .ARM.attributes
                0x0000000000000434       0x33 Drivers/STM32F1xx_HAL_Driver/Src/stm32f1xx_hal_tim.o
 .ARM.attributes
                0x0000000000000467       0x33 Drivers/STM32F1xx_HAL_Driver/Src/stm32f1xx_hal_tim_ex.o
 .ARM.attributes
                0x000000000000049a       0x33 Drivers/STM32F1xx_HAL_Driver/Src/stm32f1xx_hal_uart.o
 .ARM.attributes
                0x00000000000004cd       0x2d d:/learningsoftware/stm32cubeide/stm32cubeide/stm32cubeide/plugins/com.st.stm32cube.ide.mcu.externaltools.gnu-tools-for-stm32.7-2018-q2-update.win32_1.4.0.202007081208/tools/bin/../lib/gcc/arm-none-eabi/7.3.1/../../../../arm-none-eabi/lib/thumb/v7-m\libc_nano.a(lib_a-errno.o)
 .ARM.attributes
                0x00000000000004fa       0x2d d:/learningsoftware/stm32cubeide/stm32cubeide/stm32cubeide/plugins/com.st.stm32cube.ide.mcu.externaltools.gnu-tools-for-stm32.7-2018-q2-update.win32_1.4.0.202007081208/tools/bin/../lib/gcc/arm-none-eabi/7.3.1/../../../../arm-none-eabi/lib/thumb/v7-m\libc_nano.a(lib_a-impure.o)
 .ARM.attributes
                0x0000000000000527       0x2d d:/learningsoftware/stm32cubeide/stm32cubeide/stm32cubeide/plugins/com.st.stm32cube.ide.mcu.externaltools.gnu-tools-for-stm32.7-2018-q2-update.win32_1.4.0.202007081208/tools/bin/../lib/gcc/arm-none-eabi/7.3.1/../../../../arm-none-eabi/lib/thumb/v7-m\libc_nano.a(lib_a-init.o)
 .ARM.attributes
                0x0000000000000554       0x2d d:/learningsoftware/stm32cubeide/stm32cubeide/stm32cubeide/plugins/com.st.stm32cube.ide.mcu.externaltools.gnu-tools-for-stm32.7-2018-q2-update.win32_1.4.0.202007081208/tools/bin/../lib/gcc/arm-none-eabi/7.3.1/../../../../arm-none-eabi/lib/thumb/v7-m\libc_nano.a(lib_a-itoa.o)
 .ARM.attributes
                0x0000000000000581       0x2d d:/learningsoftware/stm32cubeide/stm32cubeide/stm32cubeide/plugins/com.st.stm32cube.ide.mcu.externaltools.gnu-tools-for-stm32.7-2018-q2-update.win32_1.4.0.202007081208/tools/bin/../lib/gcc/arm-none-eabi/7.3.1/../../../../arm-none-eabi/lib/thumb/v7-m\libc_nano.a(lib_a-memset.o)
 .ARM.attributes
                0x00000000000005ae       0x2d d:/learningsoftware/stm32cubeide/stm32cubeide/stm32cubeide/plugins/com.st.stm32cube.ide.mcu.externaltools.gnu-tools-for-stm32.7-2018-q2-update.win32_1.4.0.202007081208/tools/bin/../lib/gcc/arm-none-eabi/7.3.1/../../../../arm-none-eabi/lib/thumb/v7-m\libc_nano.a(lib_a-printf.o)
 .ARM.attributes
                0x00000000000005db       0x2d d:/learningsoftware/stm32cubeide/stm32cubeide/stm32cubeide/plugins/com.st.stm32cube.ide.mcu.externaltools.gnu-tools-for-stm32.7-2018-q2-update.win32_1.4.0.202007081208/tools/bin/../lib/gcc/arm-none-eabi/7.3.1/../../../../arm-none-eabi/lib/thumb/v7-m\libc_nano.a(lib_a-setvbuf.o)
 .ARM.attributes
                0x0000000000000608       0x17 d:/learningsoftware/stm32cubeide/stm32cubeide/stm32cubeide/plugins/com.st.stm32cube.ide.mcu.externaltools.gnu-tools-for-stm32.7-2018-q2-update.win32_1.4.0.202007081208/tools/bin/../lib/gcc/arm-none-eabi/7.3.1/../../../../arm-none-eabi/lib/thumb/v7-m\libc_nano.a(lib_a-strlen.o)
 .ARM.attributes
                0x000000000000061f       0x2d d:/learningsoftware/stm32cubeide/stm32cubeide/stm32cubeide/plugins/com.st.stm32cube.ide.mcu.externaltools.gnu-tools-for-stm32.7-2018-q2-update.win32_1.4.0.202007081208/tools/bin/../lib/gcc/arm-none-eabi/7.3.1/../../../../arm-none-eabi/lib/thumb/v7-m\libc_nano.a(lib_a-utoa.o)
 .ARM.attributes
                0x000000000000064c       0x2d d:/learningsoftware/stm32cubeide/stm32cubeide/stm32cubeide/plugins/com.st.stm32cube.ide.mcu.externaltools.gnu-tools-for-stm32.7-2018-q2-update.win32_1.4.0.202007081208/tools/bin/../lib/gcc/arm-none-eabi/7.3.1/../../../../arm-none-eabi/lib/thumb/v7-m\libc_nano.a(lib_a-fflush.o)
 .ARM.attributes
                0x0000000000000679       0x2d d:/learningsoftware/stm32cubeide/stm32cubeide/stm32cubeide/plugins/com.st.stm32cube.ide.mcu.externaltools.gnu-tools-for-stm32.7-2018-q2-update.win32_1.4.0.202007081208/tools/bin/../lib/gcc/arm-none-eabi/7.3.1/../../../../arm-none-eabi/lib/thumb/v7-m\libc_nano.a(lib_a-findfp.o)
 .ARM.attributes
                0x00000000000006a6       0x2d d:/learningsoftware/stm32cubeide/stm32cubeide/stm32cubeide/plugins/com.st.stm32cube.ide.mcu.externaltools.gnu-tools-for-stm32.7-2018-q2-update.win32_1.4.0.202007081208/tools/bin/../lib/gcc/arm-none-eabi/7.3.1/../../../../arm-none-eabi/lib/thumb/v7-m\libc_nano.a(lib_a-fwalk.o)
 .ARM.attributes
                0x00000000000006d3       0x2d d:/learningsoftware/stm32cubeide/stm32cubeide/stm32cubeide/plugins/com.st.stm32cube.ide.mcu.externaltools.gnu-tools-for-stm32.7-2018-q2-update.win32_1.4.0.202007081208/tools/bin/../lib/gcc/arm-none-eabi/7.3.1/../../../../arm-none-eabi/lib/thumb/v7-m\libc_nano.a(lib_a-makebuf.o)
 .ARM.attributes
                0x0000000000000700       0x2d d:/learningsoftware/stm32cubeide/stm32cubeide/stm32cubeide/plugins/com.st.stm32cube.ide.mcu.externaltools.gnu-tools-for-stm32.7-2018-q2-update.win32_1.4.0.202007081208/tools/bin/../lib/gcc/arm-none-eabi/7.3.1/../../../../arm-none-eabi/lib/thumb/v7-m\libc_nano.a(lib_a-malloc.o)
 .ARM.attributes
                0x000000000000072d       0x2d d:/learningsoftware/stm32cubeide/stm32cubeide/stm32cubeide/plugins/com.st.stm32cube.ide.mcu.externaltools.gnu-tools-for-stm32.7-2018-q2-update.win32_1.4.0.202007081208/tools/bin/../lib/gcc/arm-none-eabi/7.3.1/../../../../arm-none-eabi/lib/thumb/v7-m\libc_nano.a(lib_a-nano-freer.o)
 .ARM.attributes
                0x000000000000075a       0x2d d:/learningsoftware/stm32cubeide/stm32cubeide/stm32cubeide/plugins/com.st.stm32cube.ide.mcu.externaltools.gnu-tools-for-stm32.7-2018-q2-update.win32_1.4.0.202007081208/tools/bin/../lib/gcc/arm-none-eabi/7.3.1/../../../../arm-none-eabi/lib/thumb/v7-m\libc_nano.a(lib_a-nano-mallocr.o)
 .ARM.attributes
                0x0000000000000787       0x2d d:/learningsoftware/stm32cubeide/stm32cubeide/stm32cubeide/plugins/com.st.stm32cube.ide.mcu.externaltools.gnu-tools-for-stm32.7-2018-q2-update.win32_1.4.0.202007081208/tools/bin/../lib/gcc/arm-none-eabi/7.3.1/../../../../arm-none-eabi/lib/thumb/v7-m\libc_nano.a(lib_a-nano-vfprintf.o)
 .ARM.attributes
                0x00000000000007b4       0x2d d:/learningsoftware/stm32cubeide/stm32cubeide/stm32cubeide/plugins/com.st.stm32cube.ide.mcu.externaltools.gnu-tools-for-stm32.7-2018-q2-update.win32_1.4.0.202007081208/tools/bin/../lib/gcc/arm-none-eabi/7.3.1/../../../../arm-none-eabi/lib/thumb/v7-m\libc_nano.a(lib_a-nano-vfprintf_i.o)
 .ARM.attributes
                0x00000000000007e1       0x2d d:/learningsoftware/stm32cubeide/stm32cubeide/stm32cubeide/plugins/com.st.stm32cube.ide.mcu.externaltools.gnu-tools-for-stm32.7-2018-q2-update.win32_1.4.0.202007081208/tools/bin/../lib/gcc/arm-none-eabi/7.3.1/../../../../arm-none-eabi/lib/thumb/v7-m\libc_nano.a(lib_a-sbrkr.o)
 .ARM.attributes
                0x000000000000080e       0x2d d:/learningsoftware/stm32cubeide/stm32cubeide/stm32cubeide/plugins/com.st.stm32cube.ide.mcu.externaltools.gnu-tools-for-stm32.7-2018-q2-update.win32_1.4.0.202007081208/tools/bin/../lib/gcc/arm-none-eabi/7.3.1/../../../../arm-none-eabi/lib/thumb/v7-m\libc_nano.a(lib_a-stdio.o)
 .ARM.attributes
                0x000000000000083b       0x2d d:/learningsoftware/stm32cubeide/stm32cubeide/stm32cubeide/plugins/com.st.stm32cube.ide.mcu.externaltools.gnu-tools-for-stm32.7-2018-q2-update.win32_1.4.0.202007081208/tools/bin/../lib/gcc/arm-none-eabi/7.3.1/../../../../arm-none-eabi/lib/thumb/v7-m\libc_nano.a(lib_a-wbuf.o)
 .ARM.attributes
                0x0000000000000868       0x2d d:/learningsoftware/stm32cubeide/stm32cubeide/stm32cubeide/plugins/com.st.stm32cube.ide.mcu.externaltools.gnu-tools-for-stm32.7-2018-q2-update.win32_1.4.0.202007081208/tools/bin/../lib/gcc/arm-none-eabi/7.3.1/../../../../arm-none-eabi/lib/thumb/v7-m\libc_nano.a(lib_a-writer.o)
 .ARM.attributes
                0x0000000000000895       0x2d d:/learningsoftware/stm32cubeide/stm32cubeide/stm32cubeide/plugins/com.st.stm32cube.ide.mcu.externaltools.gnu-tools-for-stm32.7-2018-q2-update.win32_1.4.0.202007081208/tools/bin/../lib/gcc/arm-none-eabi/7.3.1/../../../../arm-none-eabi/lib/thumb/v7-m\libc_nano.a(lib_a-wsetup.o)
 .ARM.attributes
                0x00000000000008c2       0x2d d:/learningsoftware/stm32cubeide/stm32cubeide/stm32cubeide/plugins/com.st.stm32cube.ide.mcu.externaltools.gnu-tools-for-stm32.7-2018-q2-update.win32_1.4.0.202007081208/tools/bin/../lib/gcc/arm-none-eabi/7.3.1/../../../../arm-none-eabi/lib/thumb/v7-m\libc_nano.a(lib_a-closer.o)
 .ARM.attributes
                0x00000000000008ef       0x2d d:/learningsoftware/stm32cubeide/stm32cubeide/stm32cubeide/plugins/com.st.stm32cube.ide.mcu.externaltools.gnu-tools-for-stm32.7-2018-q2-update.win32_1.4.0.202007081208/tools/bin/../lib/gcc/arm-none-eabi/7.3.1/../../../../arm-none-eabi/lib/thumb/v7-m\libc_nano.a(lib_a-fstatr.o)
 .ARM.attributes
                0x000000000000091c       0x2d d:/learningsoftware/stm32cubeide/stm32cubeide/stm32cubeide/plugins/com.st.stm32cube.ide.mcu.externaltools.gnu-tools-for-stm32.7-2018-q2-update.win32_1.4.0.202007081208/tools/bin/../lib/gcc/arm-none-eabi/7.3.1/../../../../arm-none-eabi/lib/thumb/v7-m\libc_nano.a(lib_a-isattyr.o)
 .ARM.attributes
                0x0000000000000949       0x2d d:/learningsoftware/stm32cubeide/stm32cubeide/stm32cubeide/plugins/com.st.stm32cube.ide.mcu.externaltools.gnu-tools-for-stm32.7-2018-q2-update.win32_1.4.0.202007081208/tools/bin/../lib/gcc/arm-none-eabi/7.3.1/../../../../arm-none-eabi/lib/thumb/v7-m\libc_nano.a(lib_a-lseekr.o)
 .ARM.attributes
                0x0000000000000976       0x2d d:/learningsoftware/stm32cubeide/stm32cubeide/stm32cubeide/plugins/com.st.stm32cube.ide.mcu.externaltools.gnu-tools-for-stm32.7-2018-q2-update.win32_1.4.0.202007081208/tools/bin/../lib/gcc/arm-none-eabi/7.3.1/../../../../arm-none-eabi/lib/thumb/v7-m\libc_nano.a(lib_a-memchr-stub.o)
 .ARM.attributes
                0x00000000000009a3       0x2d d:/learningsoftware/stm32cubeide/stm32cubeide/stm32cubeide/plugins/com.st.stm32cube.ide.mcu.externaltools.gnu-tools-for-stm32.7-2018-q2-update.win32_1.4.0.202007081208/tools/bin/../lib/gcc/arm-none-eabi/7.3.1/../../../../arm-none-eabi/lib/thumb/v7-m\libc_nano.a(lib_a-mlock.o)
 .ARM.attributes
                0x00000000000009d0       0x2d d:/learningsoftware/stm32cubeide/stm32cubeide/stm32cubeide/plugins/com.st.stm32cube.ide.mcu.externaltools.gnu-tools-for-stm32.7-2018-q2-update.win32_1.4.0.202007081208/tools/bin/../lib/gcc/arm-none-eabi/7.3.1/../../../../arm-none-eabi/lib/thumb/v7-m\libc_nano.a(lib_a-readr.o)
 .ARM.attributes
                0x00000000000009fd       0x2d d:/learningsoftware/stm32cubeide/stm32cubeide/stm32cubeide/plugins/com.st.stm32cube.ide.mcu.externaltools.gnu-tools-for-stm32.7-2018-q2-update.win32_1.4.0.202007081208/tools/bin/../lib/gcc/arm-none-eabi/7.3.1/../../../../arm-none-eabi/lib/thumb/v7-m\libc_nano.a(lib_a-reent.o)
 .ARM.attributes
                0x0000000000000a2a       0x1d d:/learningsoftware/stm32cubeide/stm32cubeide/stm32cubeide/plugins/com.st.stm32cube.ide.mcu.externaltools.gnu-tools-for-stm32.7-2018-q2-update.win32_1.4.0.202007081208/tools/bin/../lib/gcc/arm-none-eabi/7.3.1/thumb/v7-m\libgcc.a(_arm_muldivsf3.o)
 .ARM.attributes
                0x0000000000000a47       0x1d d:/learningsoftware/stm32cubeide/stm32cubeide/stm32cubeide/plugins/com.st.stm32cube.ide.mcu.externaltools.gnu-tools-for-stm32.7-2018-q2-update.win32_1.4.0.202007081208/tools/bin/../lib/gcc/arm-none-eabi/7.3.1/thumb/v7-m\libgcc.a(_arm_cmpsf2.o)
 .ARM.attributes
                0x0000000000000a64       0x1d d:/learningsoftware/stm32cubeide/stm32cubeide/stm32cubeide/plugins/com.st.stm32cube.ide.mcu.externaltools.gnu-tools-for-stm32.7-2018-q2-update.win32_1.4.0.202007081208/tools/bin/../lib/gcc/arm-none-eabi/7.3.1/thumb/v7-m\libgcc.a(_arm_fixsfsi.o)
 .ARM.attributes
                0x0000000000000a81       0x1d d:/learningsoftware/stm32cubeide/stm32cubeide/stm32cubeide/plugins/com.st.stm32cube.ide.mcu.externaltools.gnu-tools-for-stm32.7-2018-q2-update.win32_1.4.0.202007081208/tools/bin/../lib/gcc/arm-none-eabi/7.3.1/thumb/v7-m/crtn.o
OUTPUT([RESET_CAUSE]IWDG_NRSTpin_SoftReset.elf elf32-littlearm)

.debug_info     0x0000000000000000     0xe859
 .debug_info    0x0000000000000000      0x3c1 Core/Src/crc.o
 .debug_info    0x00000000000003c1      0x36d Core/Src/dma.o
 .debug_info    0x000000000000072e      0x498 Core/Src/gpio.o
 .debug_info    0x0000000000000bc6     0x165a Core/Src/main.o
 .debug_info    0x0000000000002220     0x1114 Core/Src/myDebug.o
 .debug_info    0x0000000000003334     0x118e Core/Src/retarget.o
 .debug_info    0x00000000000044c2      0x411 Core/Src/stm32f1xx_hal_msp.o
 .debug_info    0x00000000000048d3      0x8e8 Core/Src/stm32f1xx_hal_timebase_tim.o
 .debug_info    0x00000000000051bb      0x91c Core/Src/stm32f1xx_it.o
 .debug_info    0x0000000000005ad7      0x985 Core/Src/sysmem.o
 .debug_info    0x000000000000645c      0x433 Core/Src/system_stm32f1xx.o
 .debug_info    0x000000000000688f      0x910 Core/Src/usart.o
 .debug_info    0x000000000000719f       0x22 Core/Startup/startup_stm32f103c8tx.o
 .debug_info    0x00000000000071c1      0x6fe Drivers/STM32F1xx_HAL_Driver/Src/stm32f1xx_hal.o
 .debug_info    0x00000000000078bf      0xb46 Drivers/STM32F1xx_HAL_Driver/Src/stm32f1xx_hal_cortex.o
 .debug_info    0x0000000000008405      0x436 Drivers/STM32F1xx_HAL_Driver/Src/stm32f1xx_hal_crc.o
 .debug_info    0x000000000000883b      0x7a6 Drivers/STM32F1xx_HAL_Driver/Src/stm32f1xx_hal_dma.o
 .debug_info    0x0000000000008fe1      0x681 Drivers/STM32F1xx_HAL_Driver/Src/stm32f1xx_hal_gpio.o
 .debug_info    0x0000000000009662      0x2b6 Drivers/STM32F1xx_HAL_Driver/Src/stm32f1xx_hal_iwdg.o
 .debug_info    0x0000000000009918      0x804 Drivers/STM32F1xx_HAL_Driver/Src/stm32f1xx_hal_rcc.o
 .debug_info    0x000000000000a11c     0x2456 Drivers/STM32F1xx_HAL_Driver/Src/stm32f1xx_hal_tim.o
 .debug_info    0x000000000000c572     0x1104 Drivers/STM32F1xx_HAL_Driver/Src/stm32f1xx_hal_tim_ex.o
 .debug_info    0x000000000000d676     0x11e3 Drivers/STM32F1xx_HAL_Driver/Src/stm32f1xx_hal_uart.o

.debug_abbrev   0x0000000000000000     0x26da
 .debug_abbrev  0x0000000000000000      0x159 Core/Src/crc.o
 .debug_abbrev  0x0000000000000159      0x107 Core/Src/dma.o
 .debug_abbrev  0x0000000000000260      0x13d Core/Src/gpio.o
 .debug_abbrev  0x000000000000039d      0x237 Core/Src/main.o
 .debug_abbrev  0x00000000000005d4      0x21a Core/Src/myDebug.o
 .debug_abbrev  0x00000000000007ee      0x201 Core/Src/retarget.o
 .debug_abbrev  0x00000000000009ef      0x112 Core/Src/stm32f1xx_hal_msp.o
 .debug_abbrev  0x0000000000000b01      0x19d Core/Src/stm32f1xx_hal_timebase_tim.o
 .debug_abbrev  0x0000000000000c9e      0x172 Core/Src/stm32f1xx_it.o
 .debug_abbrev  0x0000000000000e10      0x19b Core/Src/sysmem.o
 .debug_abbrev  0x0000000000000fab      0x134 Core/Src/system_stm32f1xx.o
 .debug_abbrev  0x00000000000010df      0x1b3 Core/Src/usart.o
 .debug_abbrev  0x0000000000001292       0x12 Core/Startup/startup_stm32f103c8tx.o
 .debug_abbrev  0x00000000000012a4      0x1d8 Drivers/STM32F1xx_HAL_Driver/Src/stm32f1xx_hal.o
 .debug_abbrev  0x000000000000147c      0x2d5 Drivers/STM32F1xx_HAL_Driver/Src/stm32f1xx_hal_cortex.o
 .debug_abbrev  0x0000000000001751      0x1b7 Drivers/STM32F1xx_HAL_Driver/Src/stm32f1xx_hal_crc.o
 .debug_abbrev  0x0000000000001908      0x1fe Drivers/STM32F1xx_HAL_Driver/Src/stm32f1xx_hal_dma.o
 .debug_abbrev  0x0000000000001b06      0x1c0 Drivers/STM32F1xx_HAL_Driver/Src/stm32f1xx_hal_gpio.o
 .debug_abbrev  0x0000000000001cc6      0x141 Drivers/STM32F1xx_HAL_Driver/Src/stm32f1xx_hal_iwdg.o
 .debug_abbrev  0x0000000000001e07      0x243 Drivers/STM32F1xx_HAL_Driver/Src/stm32f1xx_hal_rcc.o
 .debug_abbrev  0x000000000000204a      0x230 Drivers/STM32F1xx_HAL_Driver/Src/stm32f1xx_hal_tim.o
 .debug_abbrev  0x000000000000227a      0x21e Drivers/STM32F1xx_HAL_Driver/Src/stm32f1xx_hal_tim_ex.o
 .debug_abbrev  0x0000000000002498      0x242 Drivers/STM32F1xx_HAL_Driver/Src/stm32f1xx_hal_uart.o

.debug_aranges  0x0000000000000000      0xd48
 .debug_aranges
                0x0000000000000000       0x30 Core/Src/crc.o
 .debug_aranges
                0x0000000000000030       0x20 Core/Src/dma.o
 .debug_aranges
                0x0000000000000050       0x20 Core/Src/gpio.o
 .debug_aranges
                0x0000000000000070       0x48 Core/Src/main.o
 .debug_aranges
                0x00000000000000b8       0x38 Core/Src/myDebug.o
 .debug_aranges
                0x00000000000000f0       0x50 Core/Src/retarget.o
 .debug_aranges
                0x0000000000000140       0x20 Core/Src/stm32f1xx_hal_msp.o
 .debug_aranges
                0x0000000000000160       0x30 Core/Src/stm32f1xx_hal_timebase_tim.o
 .debug_aranges
                0x0000000000000190       0x90 Core/Src/stm32f1xx_it.o
 .debug_aranges
                0x0000000000000220       0x20 Core/Src/sysmem.o
 .debug_aranges
                0x0000000000000240       0x28 Core/Src/system_stm32f1xx.o
 .debug_aranges
                0x0000000000000268       0x30 Core/Src/usart.o
 .debug_aranges
                0x0000000000000298       0x28 Core/Startup/startup_stm32f103c8tx.o
 .debug_aranges
                0x00000000000002c0       0xe0 Drivers/STM32F1xx_HAL_Driver/Src/stm32f1xx_hal.o
 .debug_aranges
                0x00000000000003a0      0x100 Drivers/STM32F1xx_HAL_Driver/Src/stm32f1xx_hal_cortex.o
 .debug_aranges
                0x00000000000004a0       0x50 Drivers/STM32F1xx_HAL_Driver/Src/stm32f1xx_hal_crc.o
 .debug_aranges
                0x00000000000004f0       0x80 Drivers/STM32F1xx_HAL_Driver/Src/stm32f1xx_hal_dma.o
 .debug_aranges
                0x0000000000000570       0x58 Drivers/STM32F1xx_HAL_Driver/Src/stm32f1xx_hal_gpio.o
 .debug_aranges
                0x00000000000005c8       0x28 Drivers/STM32F1xx_HAL_Driver/Src/stm32f1xx_hal_iwdg.o
 .debug_aranges
                0x00000000000005f0       0x90 Drivers/STM32F1xx_HAL_Driver/Src/stm32f1xx_hal_rcc.o
 .debug_aranges
                0x0000000000000680      0x3a8 Drivers/STM32F1xx_HAL_Driver/Src/stm32f1xx_hal_tim.o
 .debug_aranges
                0x0000000000000a28      0x150 Drivers/STM32F1xx_HAL_Driver/Src/stm32f1xx_hal_tim_ex.o
 .debug_aranges
                0x0000000000000b78      0x1d0 Drivers/STM32F1xx_HAL_Driver/Src/stm32f1xx_hal_uart.o

.debug_ranges   0x0000000000000000      0xbe0
 .debug_ranges  0x0000000000000000       0x20 Core/Src/crc.o
 .debug_ranges  0x0000000000000020       0x10 Core/Src/dma.o
 .debug_ranges  0x0000000000000030       0x10 Core/Src/gpio.o
 .debug_ranges  0x0000000000000040       0x38 Core/Src/main.o
 .debug_ranges  0x0000000000000078       0x28 Core/Src/myDebug.o
 .debug_ranges  0x00000000000000a0       0x40 Core/Src/retarget.o
 .debug_ranges  0x00000000000000e0       0x10 Core/Src/stm32f1xx_hal_msp.o
 .debug_ranges  0x00000000000000f0       0x20 Core/Src/stm32f1xx_hal_timebase_tim.o
 .debug_ranges  0x0000000000000110       0x80 Core/Src/stm32f1xx_it.o
 .debug_ranges  0x0000000000000190       0x10 Core/Src/sysmem.o
 .debug_ranges  0x00000000000001a0       0x18 Core/Src/system_stm32f1xx.o
 .debug_ranges  0x00000000000001b8       0x20 Core/Src/usart.o
 .debug_ranges  0x00000000000001d8       0x20 Core/Startup/startup_stm32f103c8tx.o
 .debug_ranges  0x00000000000001f8       0xd0 Drivers/STM32F1xx_HAL_Driver/Src/stm32f1xx_hal.o
 .debug_ranges  0x00000000000002c8       0xf0 Drivers/STM32F1xx_HAL_Driver/Src/stm32f1xx_hal_cortex.o
 .debug_ranges  0x00000000000003b8       0x40 Drivers/STM32F1xx_HAL_Driver/Src/stm32f1xx_hal_crc.o
 .debug_ranges  0x00000000000003f8       0x70 Drivers/STM32F1xx_HAL_Driver/Src/stm32f1xx_hal_dma.o
 .debug_ranges  0x0000000000000468       0x48 Drivers/STM32F1xx_HAL_Driver/Src/stm32f1xx_hal_gpio.o
 .debug_ranges  0x00000000000004b0       0x18 Drivers/STM32F1xx_HAL_Driver/Src/stm32f1xx_hal_iwdg.o
 .debug_ranges  0x00000000000004c8       0x80 Drivers/STM32F1xx_HAL_Driver/Src/stm32f1xx_hal_rcc.o
 .debug_ranges  0x0000000000000548      0x398 Drivers/STM32F1xx_HAL_Driver/Src/stm32f1xx_hal_tim.o
 .debug_ranges  0x00000000000008e0      0x140 Drivers/STM32F1xx_HAL_Driver/Src/stm32f1xx_hal_tim_ex.o
 .debug_ranges  0x0000000000000a20      0x1c0 Drivers/STM32F1xx_HAL_Driver/Src/stm32f1xx_hal_uart.o

.debug_macro    0x0000000000000000    0x16ba5
 .debug_macro   0x0000000000000000      0x1c7 Core/Src/crc.o
 .debug_macro   0x00000000000001c7      0xa5a Core/Src/crc.o
 .debug_macro   0x0000000000000c21      0x22d Core/Src/crc.o
 .debug_macro   0x0000000000000e4e       0x2e Core/Src/crc.o
 .debug_macro   0x0000000000000e7c       0x22 Core/Src/crc.o
 .debug_macro   0x0000000000000e9e       0x22 Core/Src/crc.o
 .debug_macro   0x0000000000000ec0       0x8e Core/Src/crc.o
 .debug_macro   0x0000000000000f4e       0x51 Core/Src/crc.o
 .debug_macro   0x0000000000000f9f       0xef Core/Src/crc.o
 .debug_macro   0x000000000000108e       0x6a Core/Src/crc.o
 .debug_macro   0x00000000000010f8      0x1df Core/Src/crc.o
 .debug_macro   0x00000000000012d7       0x1c Core/Src/crc.o
 .debug_macro   0x00000000000012f3       0x22 Core/Src/crc.o
 .debug_macro   0x0000000000001315       0xc3 Core/Src/crc.o
 .debug_macro   0x00000000000013d8      0xd23 Core/Src/crc.o
 .debug_macro   0x00000000000020fb     0xe09e Core/Src/crc.o
 .debug_macro   0x0000000000010199       0x43 Core/Src/crc.o
 .debug_macro   0x00000000000101dc      0x174 Core/Src/crc.o
 .debug_macro   0x0000000000010350       0x5a Core/Src/crc.o
 .debug_macro   0x00000000000103aa      0x5be Core/Src/crc.o
 .debug_macro   0x0000000000010968      0x289 Core/Src/crc.o
 .debug_macro   0x0000000000010bf1      0x1cb Core/Src/crc.o
 .debug_macro   0x0000000000010dbc      0x114 Core/Src/crc.o
 .debug_macro   0x0000000000010ed0      0x1b2 Core/Src/crc.o
 .debug_macro   0x0000000000011082       0x27 Core/Src/crc.o
 .debug_macro   0x00000000000110a9      0x136 Core/Src/crc.o
 .debug_macro   0x00000000000111df      0x1bc Core/Src/crc.o
 .debug_macro   0x000000000001139b       0x34 Core/Src/crc.o
 .debug_macro   0x00000000000113cf       0x3c Core/Src/crc.o
 .debug_macro   0x000000000001140b       0x57 Core/Src/crc.o
 .debug_macro   0x0000000000011462       0x22 Core/Src/crc.o
 .debug_macro   0x0000000000011484       0x88 Core/Src/crc.o
 .debug_macro   0x000000000001150c      0x241 Core/Src/crc.o
 .debug_macro   0x000000000001174d       0x78 Core/Src/crc.o
 .debug_macro   0x00000000000117c5      0x141 Core/Src/crc.o
 .debug_macro   0x0000000000011906      0x88b Core/Src/crc.o
 .debug_macro   0x0000000000012191      0x26b Core/Src/crc.o
 .debug_macro   0x00000000000123fc       0x83 Core/Src/crc.o
 .debug_macro   0x000000000001247f       0x52 Core/Src/crc.o
 .debug_macro   0x00000000000124d1      0x1c7 Core/Src/dma.o
 .debug_macro   0x0000000000012698      0x1c7 Core/Src/gpio.o
 .debug_macro   0x000000000001285f      0x41d Core/Src/main.o
 .debug_macro   0x0000000000012c7c       0x46 Core/Src/main.o
 .debug_macro   0x0000000000012cc2       0x18 Core/Src/main.o
 .debug_macro   0x0000000000012cda       0x3c Core/Src/main.o
 .debug_macro   0x0000000000012d16       0x34 Core/Src/main.o
 .debug_macro   0x0000000000012d4a       0x16 Core/Src/main.o
 .debug_macro   0x0000000000012d60       0x35 Core/Src/main.o
 .debug_macro   0x0000000000012d95      0x32a Core/Src/main.o
 .debug_macro   0x00000000000130bf       0x10 Core/Src/main.o
 .debug_macro   0x00000000000130cf       0x52 Core/Src/main.o
 .debug_macro   0x0000000000013121       0x1f Core/Src/main.o
 .debug_macro   0x0000000000013140       0x43 Core/Src/main.o
 .debug_macro   0x0000000000013183       0x20 Core/Src/main.o
 .debug_macro   0x00000000000131a3      0x1a3 Core/Src/main.o
 .debug_macro   0x0000000000013346       0x10 Core/Src/main.o
 .debug_macro   0x0000000000013356       0x1c Core/Src/main.o
 .debug_macro   0x0000000000013372       0x52 Core/Src/main.o
 .debug_macro   0x00000000000133c4       0x40 Core/Src/main.o
 .debug_macro   0x0000000000013404       0x10 Core/Src/main.o
 .debug_macro   0x0000000000013414       0x40 Core/Src/main.o
 .debug_macro   0x0000000000013454       0xd7 Core/Src/main.o
 .debug_macro   0x000000000001352b       0x1c Core/Src/main.o
 .debug_macro   0x0000000000013547       0x3d Core/Src/main.o
 .debug_macro   0x0000000000013584       0x16 Core/Src/main.o
 .debug_macro   0x000000000001359a      0x145 Core/Src/main.o
 .debug_macro   0x00000000000136df       0x16 Core/Src/main.o
 .debug_macro   0x00000000000136f5       0x20 Core/Src/main.o
 .debug_macro   0x0000000000013715       0x16 Core/Src/main.o
 .debug_macro   0x000000000001372b       0x16 Core/Src/main.o
 .debug_macro   0x0000000000013741       0x29 Core/Src/main.o
 .debug_macro   0x000000000001376a       0x46 Core/Src/main.o
 .debug_macro   0x00000000000137b0       0x76 Core/Src/main.o
 .debug_macro   0x0000000000013826       0x1c Core/Src/main.o
 .debug_macro   0x0000000000013842       0x16 Core/Src/main.o
 .debug_macro   0x0000000000013858       0x10 Core/Src/main.o
 .debug_macro   0x0000000000013868       0x41 Core/Src/main.o
 .debug_macro   0x00000000000138a9      0x122 Core/Src/main.o
 .debug_macro   0x00000000000139cb      0x380 Core/Src/myDebug.o
 .debug_macro   0x0000000000013d4b       0x40 Core/Src/myDebug.o
 .debug_macro   0x0000000000013d8b       0x94 Core/Src/myDebug.o
 .debug_macro   0x0000000000013e1f       0x57 Core/Src/myDebug.o
 .debug_macro   0x0000000000013e76       0x97 Core/Src/myDebug.o
 .debug_macro   0x0000000000013f0d      0x330 Core/Src/myDebug.o
 .debug_macro   0x000000000001423d       0xfd Core/Src/myDebug.o
 .debug_macro   0x000000000001433a       0xbd Core/Src/myDebug.o
 .debug_macro   0x00000000000143f7       0x54 Core/Src/myDebug.o
 .debug_macro   0x000000000001444b      0x438 Core/Src/retarget.o
 .debug_macro   0x0000000000014883       0x1c Core/Src/retarget.o
 .debug_macro   0x000000000001489f       0x10 Core/Src/retarget.o
 .debug_macro   0x00000000000148af      0x241 Core/Src/retarget.o
 .debug_macro   0x0000000000014af0       0x88 Core/Src/retarget.o
 .debug_macro   0x0000000000014b78       0x2b Core/Src/retarget.o
 .debug_macro   0x0000000000014ba3      0x118 Core/Src/retarget.o
 .debug_macro   0x0000000000014cbb      0x189 Core/Src/retarget.o
 .debug_macro   0x0000000000014e44       0x16 Core/Src/retarget.o
 .debug_macro   0x0000000000014e5a      0x1bd Core/Src/stm32f1xx_hal_msp.o
 .debug_macro   0x0000000000015017      0x1ae Core/Src/stm32f1xx_hal_timebase_tim.o
 .debug_macro   0x00000000000151c5      0x1c7 Core/Src/stm32f1xx_it.o
 .debug_macro   0x000000000001538c       0xee Core/Src/sysmem.o
 .debug_macro   0x000000000001547a      0x23b Core/Src/sysmem.o
 .debug_macro   0x00000000000156b5      0x1b4 Core/Src/system_stm32f1xx.o
 .debug_macro   0x0000000000015869      0x1c7 Core/Src/usart.o
 .debug_macro   0x0000000000015a30      0x1d2 Drivers/STM32F1xx_HAL_Driver/Src/stm32f1xx_hal.o
 .debug_macro   0x0000000000015c02      0x1ae Drivers/STM32F1xx_HAL_Driver/Src/stm32f1xx_hal_cortex.o
 .debug_macro   0x0000000000015db0      0x1ae Drivers/STM32F1xx_HAL_Driver/Src/stm32f1xx_hal_crc.o
 .debug_macro   0x0000000000015f5e      0x1ae Drivers/STM32F1xx_HAL_Driver/Src/stm32f1xx_hal_dma.o
 .debug_macro   0x000000000001610c      0x219 Drivers/STM32F1xx_HAL_Driver/Src/stm32f1xx_hal_gpio.o
 .debug_macro   0x0000000000016325      0x1b4 Drivers/STM32F1xx_HAL_Driver/Src/stm32f1xx_hal_iwdg.o
 .debug_macro   0x00000000000164d9      0x1c0 Drivers/STM32F1xx_HAL_Driver/Src/stm32f1xx_hal_rcc.o
 .debug_macro   0x0000000000016699      0x1af Drivers/STM32F1xx_HAL_Driver/Src/stm32f1xx_hal_tim.o
 .debug_macro   0x0000000000016848      0x1ae Drivers/STM32F1xx_HAL_Driver/Src/stm32f1xx_hal_tim_ex.o
 .debug_macro   0x00000000000169f6      0x1af Drivers/STM32F1xx_HAL_Driver/Src/stm32f1xx_hal_uart.o

.debug_line     0x0000000000000000     0xebe6
 .debug_line    0x0000000000000000      0x7fa Core/Src/crc.o
 .debug_line    0x00000000000007fa      0x7d8 Core/Src/dma.o
 .debug_line    0x0000000000000fd2      0x7e5 Core/Src/gpio.o
 .debug_line    0x00000000000017b7      0xd01 Core/Src/main.o
 .debug_line    0x00000000000024b8      0xc44 Core/Src/myDebug.o
 .debug_line    0x00000000000030fc      0xe17 Core/Src/retarget.o
 .debug_line    0x0000000000003f13      0x7de Core/Src/stm32f1xx_hal_msp.o
 .debug_line    0x00000000000046f1      0x80f Core/Src/stm32f1xx_hal_timebase_tim.o
 .debug_line    0x0000000000004f00      0x8eb Core/Src/stm32f1xx_it.o
 .debug_line    0x00000000000057eb      0x71e Core/Src/sysmem.o
 .debug_line    0x0000000000005f09      0x80c Core/Src/system_stm32f1xx.o
 .debug_line    0x0000000000006715      0x82c Core/Src/usart.o
 .debug_line    0x0000000000006f41       0x84 Core/Startup/startup_stm32f103c8tx.o
 .debug_line    0x0000000000006fc5      0x9b4 Drivers/STM32F1xx_HAL_Driver/Src/stm32f1xx_hal.o
 .debug_line    0x0000000000007979      0xa8d Drivers/STM32F1xx_HAL_Driver/Src/stm32f1xx_hal_cortex.o
 .debug_line    0x0000000000008406      0x88f Drivers/STM32F1xx_HAL_Driver/Src/stm32f1xx_hal_crc.o
 .debug_line    0x0000000000008c95      0xc1b Drivers/STM32F1xx_HAL_Driver/Src/stm32f1xx_hal_dma.o
 .debug_line    0x00000000000098b0      0x9b4 Drivers/STM32F1xx_HAL_Driver/Src/stm32f1xx_hal_gpio.o
 .debug_line    0x000000000000a264      0x80c Drivers/STM32F1xx_HAL_Driver/Src/stm32f1xx_hal_iwdg.o
 .debug_line    0x000000000000aa70      0xa76 Drivers/STM32F1xx_HAL_Driver/Src/stm32f1xx_hal_rcc.o
 .debug_line    0x000000000000b4e6     0x187a Drivers/STM32F1xx_HAL_Driver/Src/stm32f1xx_hal_tim.o
 .debug_line    0x000000000000cd60      0xdc7 Drivers/STM32F1xx_HAL_Driver/Src/stm32f1xx_hal_tim_ex.o
 .debug_line    0x000000000000db27     0x10bf Drivers/STM32F1xx_HAL_Driver/Src/stm32f1xx_hal_uart.o

.debug_str      0x0000000000000000    0x74327
 .debug_str     0x0000000000000000    0x6aec6 Core/Src/crc.o
                                      0x6b187 (size before relaxing)
 .debug_str     0x000000000006aec6      0x27e Core/Src/dma.o
                                      0x6b309 (size before relaxing)
 .debug_str     0x000000000006b144       0x89 Core/Src/gpio.o
                                      0x6b384 (size before relaxing)
 .debug_str     0x000000000006b1cd     0x55a1 Core/Src/main.o
                                      0x70779 (size before relaxing)
 .debug_str     0x000000000007076e      0x1ab Core/Src/myDebug.o
                                      0x6fb1a (size before relaxing)
 .debug_str     0x0000000000070919      0xf15 Core/Src/retarget.o
                                      0x70ab3 (size before relaxing)
 .debug_str     0x000000000007182e       0x50 Core/Src/stm32f1xx_hal_msp.o
                                      0x6b33c (size before relaxing)
 .debug_str     0x000000000007187e       0x98 Core/Src/stm32f1xx_hal_timebase_tim.o
                                      0x6b65c (size before relaxing)
 .debug_str     0x0000000000071916      0x151 Core/Src/stm32f1xx_it.o
                                      0x6b69b (size before relaxing)
 .debug_str     0x0000000000071a67       0x6b Core/Src/sysmem.o
                                       0x5f4d (size before relaxing)
 .debug_str     0x0000000000071ad2       0x6e Core/Src/system_stm32f1xx.o
                                      0x6af7a (size before relaxing)
 .debug_str     0x0000000000071b40       0x57 Core/Src/usart.o
                                      0x6b76d (size before relaxing)
 .debug_str     0x0000000000071b97       0x36 Core/Startup/startup_stm32f103c8tx.o
                                         0x7d (size before relaxing)
 .debug_str     0x0000000000071bcd      0x37a Drivers/STM32F1xx_HAL_Driver/Src/stm32f1xx_hal.o
                                      0x6b58b (size before relaxing)
 .debug_str     0x0000000000071f47      0x2c2 Drivers/STM32F1xx_HAL_Driver/Src/stm32f1xx_hal_cortex.o
                                      0x6b599 (size before relaxing)
 .debug_str     0x0000000000072209       0xaa Drivers/STM32F1xx_HAL_Driver/Src/stm32f1xx_hal_crc.o
                                      0x6b06e (size before relaxing)
 .debug_str     0x00000000000722b3      0x23a Drivers/STM32F1xx_HAL_Driver/Src/stm32f1xx_hal_dma.o
                                      0x6b2db (size before relaxing)
 .debug_str     0x00000000000724ed      0x2ff Drivers/STM32F1xx_HAL_Driver/Src/stm32f1xx_hal_gpio.o
                                      0x6b2c4 (size before relaxing)
 .debug_str     0x00000000000727ec       0x75 Drivers/STM32F1xx_HAL_Driver/Src/stm32f1xx_hal_iwdg.o
                                      0x6af7c (size before relaxing)
 .debug_str     0x0000000000072861      0x259 Drivers/STM32F1xx_HAL_Driver/Src/stm32f1xx_hal_rcc.o